Archive member included to satisfy reference by file (symbol)

c:/st/stm32cubeide_1.7.0/stm32cubeide/plugins/com.st.stm32cube.ide.mcu.externaltools.gnu-tools-for-stm32.9-2020-q2-update.win32_2.0.0.202105311346/tools/bin/../lib/gcc/arm-none-eabi/9.3.1/../../../../arm-none-eabi/lib/thumb/v7-m/nofp\libc_nano.a(lib_a-errno.o)
                              ./Core/Src/syscalls.o (__errno)
c:/st/stm32cubeide_1.7.0/stm32cubeide/plugins/com.st.stm32cube.ide.mcu.externaltools.gnu-tools-for-stm32.9-2020-q2-update.win32_2.0.0.202105311346/tools/bin/../lib/gcc/arm-none-eabi/9.3.1/../../../../arm-none-eabi/lib/thumb/v7-m/nofp\libc_nano.a(lib_a-exit.o)
                              c:/st/stm32cubeide_1.7.0/stm32cubeide/plugins/com.st.stm32cube.ide.mcu.externaltools.gnu-tools-for-stm32.9-2020-q2-update.win32_2.0.0.202105311346/tools/bin/../lib/gcc/arm-none-eabi/9.3.1/../../../../arm-none-eabi/lib/thumb/v7-m/nofp/crt0.o (exit)
c:/st/stm32cubeide_1.7.0/stm32cubeide/plugins/com.st.stm32cube.ide.mcu.externaltools.gnu-tools-for-stm32.9-2020-q2-update.win32_2.0.0.202105311346/tools/bin/../lib/gcc/arm-none-eabi/9.3.1/../../../../arm-none-eabi/lib/thumb/v7-m/nofp\libc_nano.a(lib_a-impure.o)
                              c:/st/stm32cubeide_1.7.0/stm32cubeide/plugins/com.st.stm32cube.ide.mcu.externaltools.gnu-tools-for-stm32.9-2020-q2-update.win32_2.0.0.202105311346/tools/bin/../lib/gcc/arm-none-eabi/9.3.1/../../../../arm-none-eabi/lib/thumb/v7-m/nofp\libc_nano.a(lib_a-exit.o) (_global_impure_ptr)
c:/st/stm32cubeide_1.7.0/stm32cubeide/plugins/com.st.stm32cube.ide.mcu.externaltools.gnu-tools-for-stm32.9-2020-q2-update.win32_2.0.0.202105311346/tools/bin/../lib/gcc/arm-none-eabi/9.3.1/../../../../arm-none-eabi/lib/thumb/v7-m/nofp\libc_nano.a(lib_a-init.o)
                              c:/st/stm32cubeide_1.7.0/stm32cubeide/plugins/com.st.stm32cube.ide.mcu.externaltools.gnu-tools-for-stm32.9-2020-q2-update.win32_2.0.0.202105311346/tools/bin/../lib/gcc/arm-none-eabi/9.3.1/../../../../arm-none-eabi/lib/thumb/v7-m/nofp/crt0.o (__libc_init_array)
c:/st/stm32cubeide_1.7.0/stm32cubeide/plugins/com.st.stm32cube.ide.mcu.externaltools.gnu-tools-for-stm32.9-2020-q2-update.win32_2.0.0.202105311346/tools/bin/../lib/gcc/arm-none-eabi/9.3.1/../../../../arm-none-eabi/lib/thumb/v7-m/nofp\libc_nano.a(lib_a-memset.o)
                              c:/st/stm32cubeide_1.7.0/stm32cubeide/plugins/com.st.stm32cube.ide.mcu.externaltools.gnu-tools-for-stm32.9-2020-q2-update.win32_2.0.0.202105311346/tools/bin/../lib/gcc/arm-none-eabi/9.3.1/../../../../arm-none-eabi/lib/thumb/v7-m/nofp/crt0.o (memset)
c:/st/stm32cubeide_1.7.0/stm32cubeide/plugins/com.st.stm32cube.ide.mcu.externaltools.gnu-tools-for-stm32.9-2020-q2-update.win32_2.0.0.202105311346/tools/bin/../lib/gcc/arm-none-eabi/9.3.1/../../../../arm-none-eabi/lib/thumb/v7-m/nofp\libc_nano.a(lib_a-sprintf.o)
                              ./Core/Src/uart_timer.o (sprintf)
c:/st/stm32cubeide_1.7.0/stm32cubeide/plugins/com.st.stm32cube.ide.mcu.externaltools.gnu-tools-for-stm32.9-2020-q2-update.win32_2.0.0.202105311346/tools/bin/../lib/gcc/arm-none-eabi/9.3.1/../../../../arm-none-eabi/lib/thumb/v7-m/nofp\libc_nano.a(lib_a-nano-svfprintf.o)
                              c:/st/stm32cubeide_1.7.0/stm32cubeide/plugins/com.st.stm32cube.ide.mcu.externaltools.gnu-tools-for-stm32.9-2020-q2-update.win32_2.0.0.202105311346/tools/bin/../lib/gcc/arm-none-eabi/9.3.1/../../../../arm-none-eabi/lib/thumb/v7-m/nofp\libc_nano.a(lib_a-sprintf.o) (_svfprintf_r)
c:/st/stm32cubeide_1.7.0/stm32cubeide/plugins/com.st.stm32cube.ide.mcu.externaltools.gnu-tools-for-stm32.9-2020-q2-update.win32_2.0.0.202105311346/tools/bin/../lib/gcc/arm-none-eabi/9.3.1/../../../../arm-none-eabi/lib/thumb/v7-m/nofp\libc_nano.a(lib_a-nano-vfprintf_i.o)
                              c:/st/stm32cubeide_1.7.0/stm32cubeide/plugins/com.st.stm32cube.ide.mcu.externaltools.gnu-tools-for-stm32.9-2020-q2-update.win32_2.0.0.202105311346/tools/bin/../lib/gcc/arm-none-eabi/9.3.1/../../../../arm-none-eabi/lib/thumb/v7-m/nofp\libc_nano.a(lib_a-nano-svfprintf.o) (_printf_i)
c:/st/stm32cubeide_1.7.0/stm32cubeide/plugins/com.st.stm32cube.ide.mcu.externaltools.gnu-tools-for-stm32.9-2020-q2-update.win32_2.0.0.202105311346/tools/bin/../lib/gcc/arm-none-eabi/9.3.1/../../../../arm-none-eabi/lib/thumb/v7-m/nofp\libc_nano.a(lib_a-memchr-stub.o)
                              c:/st/stm32cubeide_1.7.0/stm32cubeide/plugins/com.st.stm32cube.ide.mcu.externaltools.gnu-tools-for-stm32.9-2020-q2-update.win32_2.0.0.202105311346/tools/bin/../lib/gcc/arm-none-eabi/9.3.1/../../../../arm-none-eabi/lib/thumb/v7-m/nofp\libc_nano.a(lib_a-nano-svfprintf.o) (memchr)
c:/st/stm32cubeide_1.7.0/stm32cubeide/plugins/com.st.stm32cube.ide.mcu.externaltools.gnu-tools-for-stm32.9-2020-q2-update.win32_2.0.0.202105311346/tools/bin/../lib/gcc/arm-none-eabi/9.3.1/../../../../arm-none-eabi/lib/thumb/v7-m/nofp\libc_nano.a(lib_a-memcpy-stub.o)
[...]
Memory Configuration

Name             Origin             Length             Attributes
RAM              0x0000000020000000 0x0000000000005000 xrw
FLASH            0x0000000008000000 0x0000000000020000 xr
*default*        0x0000000000000000 0xffffffffffffffff

Linker script and memory map

LOAD c:/st/stm32cubeide_1.7.0/stm32cubeide/plugins/com.st.stm32cube.ide.mcu.externaltools.gnu-tools-for-stm32.9-2020-q2-update.win32_2.0.0.202105311346/tools/bin/../lib/gcc/arm-none-eabi/9.3.1/thumb/v7-m/nofp/crti.o
LOAD c:/st/stm32cubeide_1.7.0/stm32cubeide/plugins/com.st.stm32cube.ide.mcu.externaltools.gnu-tools-for-stm32.9-2020-q2-update.win32_2.0.0.202105311346/tools/bin/../lib/gcc/arm-none-eabi/9.3.1/thumb/v7-m/nofp/crtbegin.o
LOAD c:/st/stm32cubeide_1.7.0/stm32cubeide/plugins/com.st.stm32cube.ide.mcu.externaltools.gnu-tools-for-stm32.9-2020-q2-update.win32_2.0.0.202105311346/tools/bin/../lib/gcc/arm-none-eabi/9.3.1/../../../../arm-none-eabi/lib/thumb/v7-m/nofp/crt0.o
LOAD ./Core/Src/button.o
LOAD ./Core/Src/buzzer.o
LOAD ./Core/Src/fsm_automatic.o
LOAD ./Core/Src/fsm_manual.o
LOAD ./Core/Src/fsm_ped.o
LOAD ./Core/Src/global.o
LOAD ./Core/Src/main.o
LOAD ./Core/Src/software_timer.o
LOAD ./Core/Src/stm32f1xx_hal_msp.o
LOAD ./Core/Src/stm32f1xx_it.o
LOAD ./Core/Src/syscalls.o
LOAD ./Core/Src/sysmem.o
LOAD ./Core/Src/system_stm32f1xx.o
LOAD ./Core/Src/traffic_light.o
LOAD ./Core/Src/uart_timer.o
LOAD ./Core/Startup/startup_stm32f103rbtx.o
LOAD ./Drivers/STM32F1xx_HAL_Driver/Src/stm32f1xx_hal.o
LOAD ./Drivers/STM32F1xx_HAL_Driver/Src/stm32f1xx_hal_cortex.o
LOAD ./Drivers/STM32F1xx_HAL_Driver/Src/stm32f1xx_hal_dma.o
LOAD ./Drivers/STM32F1xx_HAL_Driver/Src/stm32f1xx_hal_exti.o
LOAD ./Drivers/STM32F1xx_HAL_Driver/Src/stm32f1xx_hal_flash.o
LOAD ./Drivers/STM32F1xx_HAL_Driver/Src/stm32f1xx_hal_flash_ex.o
LOAD ./Drivers/STM32F1xx_HAL_Driver/Src/stm32f1xx_hal_gpio.o
LOAD ./Drivers/STM32F1xx_HAL_Driver/Src/stm32f1xx_hal_gpio_ex.o
LOAD ./Drivers/STM32F1xx_HAL_Driver/Src/stm32f1xx_hal_pwr.o
LOAD ./Drivers/STM32F1xx_HAL_Driver/Src/stm32f1xx_hal_rcc.o
LOAD ./Drivers/STM32F1xx_HAL_Driver/Src/stm32f1xx_hal_rcc_ex.o
LOAD ./Drivers/STM32F1xx_HAL_Driver/Src/stm32f1xx_hal_tim.o
LOAD ./Drivers/STM32F1xx_HAL_Driver/Src/stm32f1xx_hal_tim_ex.o
LOAD ./Drivers/STM32F1xx_HAL_Driver/Src/stm32f1xx_hal_uart.o
START GROUP
LOAD c:/st/stm32cubeide_1.7.0/stm32cubeide/plugins/com.st.stm32cube.ide.mcu.externaltools.gnu-tools-for-stm32.9-2020-q2-update.win32_2.0.0.202105311346/tools/bin/../lib/gcc/arm-none-eabi/9.3.1/../../../../arm-none-eabi/lib/thumb/v7-m/nofp\libc_nano.a
LOAD c:/st/stm32cubeide_1.7.0/stm32cubeide/plugins/com.st.stm32cube.ide.mcu.externaltools.gnu-tools-for-stm32.9-2020-q2-update.win32_2.0.0.202105311346/tools/bin/../lib/gcc/arm-none-eabi/9.3.1/../../../../arm-none-eabi/lib/thumb/v7-m/nofp\libm.a
END GROUP
START GROUP
LOAD c:/st/stm32cubeide_1.7.0/stm32cubeide/plugins/com.st.stm32cube.ide.mcu.externaltools.gnu-tools-for-stm32.9-2020-q2-update.win32_2.0.0.202105311346/tools/bin/../lib/gcc/arm-none-eabi/9.3.1/thumb/v7-m/nofp\libgcc.a
LOAD c:/st/stm32cubeide_1.7.0/stm32cubeide/plugins/com.st.stm32cube.ide.mcu.externaltools.gnu-tools-for-stm32.9-2020-q2-update.win32_2.0.0.202105311346/tools/bin/../lib/gcc/arm-none-eabi/9.3.1/../../../../arm-none-eabi/lib/thumb/v7-m/nofp\libc_nano.a
END GROUP
START GROUP
LOAD c:/st/stm32cubeide_1.7.0/stm32cubeide/plugins/com.st.stm32cube.ide.mcu.externaltools.gnu-tools-for-stm32.9-2020-q2-update.win32_2.0.0.202105311346/tools/bin/../lib/gcc/arm-none-eabi/9.3.1/thumb/v7-m/nofp\libgcc.a
LOAD c:/st/stm32cubeide_1.7.0/stm32cubeide/plugins/com.st.stm32cube.ide.mcu.externaltools.gnu-tools-for-stm32.9-2020-q2-update.win32_2.0.0.202105311346/tools/bin/../lib/gcc/arm-none-eabi/9.3.1/../../../../arm-none-eabi/lib/thumb/v7-m/nofp\libc_nano.a
LOAD c:/st/stm32cubeide_1.7.0/stm32cubeide/plugins/com.st.stm32cube.ide.mcu.externaltools.gnu-tools-for-stm32.9-2020-q2-update.win32_2.0.0.202105311346/tools/bin/../lib/gcc/arm-none-eabi/9.3.1/../../../../arm-none-eabi/lib/thumb/v7-m/nofp\libnosys.a
END GROUP
START GROUP
LOAD c:/st/stm32cubeide_1.7.0/stm32cubeide/plugins/com.st.stm32cube.ide.mcu.externaltools.gnu-tools-for-stm32.9-2020-q2-update.win32_2.0.0.202105311346/tools/bin/../lib/gcc/arm-none-eabi/9.3.1/thumb/v7-m/nofp\libgcc.a
LOAD c:/st/stm32cubeide_1.7.0/stm32cubeide/plugins/com.st.stm32cube.ide.mcu.externaltools.gnu-tools-for-stm32.9-2020-q2-update.win32_2.0.0.202105311346/tools/bin/../lib/gcc/arm-none-eabi/9.3.1/../../../../arm-none-eabi/lib/thumb/v7-m/nofp\libc_nano.a
LOAD c:/st/stm32cubeide_1.7.0/stm32cubeide/plugins/com.st.stm32cube.ide.mcu.externaltools.gnu-tools-for-stm32.9-2020-q2-update.win32_2.0.0.202105311346/tools/bin/../lib/gcc/arm-none-eabi/9.3.1/../../../../arm-none-eabi/lib/thumb/v7-m/nofp\libnosys.a
END GROUP
LOAD c:/st/stm32cubeide_1.7.0/stm32cubeide/plugins/com.st.stm32cube.ide.mcu.externaltools.gnu-tools-for-stm32.9-2020-q2-update.win32_2.0.0.202105311346/tools/bin/../lib/gcc/arm-none-eabi/9.3.1/thumb/v7-m/nofp/crtend.o
LOAD c:/st/stm32cubeide_1.7.0/stm32cubeide/plugins/com.st.stm32cube.ide.mcu.externaltools.gnu-tools-for-stm32.9-2020-q2-update.win32_2.0.0.202105311346/tools/bin/../lib/gcc/arm-none-eabi/9.3.1/thumb/v7-m/nofp/crtn.o
                0x0000000020005000                _estack = (ORIGIN (RAM) + LENGTH (RAM))
                0x0000000000000200                _Min_Heap_Size = 0x200
                0x0000000000000400                _Min_Stack_Size = 0x400

.isr_vector     0x0000000008000000      0x10c
                0x0000000008000000                . = ALIGN (0x4)
 *(.isr_vector)
 .isr_vector    0x0000000008000000      0x10c ./Core/Startup/startup_stm32f103rbtx.o
                0x0000000008000000                g_pfnVectors
                0x000000000800010c                . = ALIGN (0x4)

.text           0x000000000800010c     0x3e84
                0x000000000800010c                . = ALIGN (0x4)
 *(.text)
 .text          0x000000000800010c       0x40 c:/st/stm32cubeide_1.7.0/stm32cubeide/plugins/com.st.stm32cube.ide.mcu.externaltools.gnu-tools-for-stm32.9-2020-q2-update.win32_2.0.0.202105311346/tools/bin/../lib/gcc/arm-none-eabi/9.3.1/thumb/v7-m/nofp/crtbegin.o
 *(.text*)
 .text.isButtonPressed
                0x000000000800014c       0x34 ./Core/Src/button.o
                0x000000000800014c                isButtonPressed
 .text.subKeyProcess
                0x0000000008000180       0x20 ./Core/Src/button.o
                0x0000000008000180                subKeyProcess
 .text.getKeyInput
                0x00000000080001a0      0x104 ./Core/Src/button.o
                0x00000000080001a0                getKeyInput
 .text.displayCountdown
                0x00000000080002a4       0x58 ./Core/Src/fsm_automatic.o
                0x00000000080002a4                displayCountdown
 .text.initDuration
                0x00000000080002fc       0x2c ./Core/Src/fsm_automatic.o
                0x00000000080002fc                initDuration
 .text.fsm_automatic_run
                0x0000000008000328      0x1a4 ./Core/Src/fsm_automatic.o
                0x0000000008000328                fsm_automatic_run
 .text.changeMode
                0x00000000080004cc       0x70 ./Core/Src/fsm_manual.o
                0x00000000080004cc                changeMode
 .text.changeDuration
                0x000000000800053c       0x38 ./Core/Src/fsm_manual.o
                0x000000000800053c                changeDuration
 .text.toggle   0x0000000008000574       0x30 ./Core/Src/fsm_manual.o
                0x0000000008000574                toggle
 .text.checkDuration
                0x00000000080005a4       0x90 ./Core/Src/fsm_manual.o
                0x00000000080005a4                checkDuration
 .text.fsm_manual_run
                0x0000000008000634      0x1bc ./Core/Src/fsm_manual.o
                0x0000000008000634                fsm_manual_run
 .text.turnPedLed
                0x00000000080007f0       0x44 ./Core/Src/fsm_ped.o
                0x00000000080007f0                turnPedLed
 .text.fsm_ped_run
                0x0000000008000834       0xa8 ./Core/Src/fsm_ped.o
                0x0000000008000834                fsm_ped_run
 .text.main     0x00000000080008dc       0x58 ./Core/Src/main.o
                0x00000000080008dc                main
 .text.SystemClock_Config
                0x0000000008000934       0x82 ./Core/Src/main.o
                0x0000000008000934                SystemClock_Config
 *fill*         0x00000000080009b6        0x2 
 .text.MX_TIM2_Init
                0x00000000080009b8       0x98 ./Core/Src/main.o
 .text.MX_USART2_UART_Init
                0x0000000008000a50       0x54 ./Core/Src/main.o
 .text.MX_GPIO_Init
                0x0000000008000aa4       0xf4 ./Core/Src/main.o
 .text.HAL_TIM_PeriodElapsedCallback
                0x0000000008000b98       0x2c ./Core/Src/main.o
                0x0000000008000b98                HAL_TIM_PeriodElapsedCallback
 .text.Error_Handler
                0x0000000008000bc4        0xa ./Core/Src/main.o
                0x0000000008000bc4                Error_Handler
 *fill*         0x0000000008000bce        0x2 
 .text.setTimer
                0x0000000008000bd0       0x30 ./Core/Src/software_timer.o
                0x0000000008000bd0                setTimer
 .text.timerRun
                0x0000000008000c00       0x94 ./Core/Src/software_timer.o
                0x0000000008000c00                timerRun
 .text.HAL_MspInit
                0x0000000008000c94       0x64 ./Core/Src/stm32f1xx_hal_msp.o
                0x0000000008000c94                HAL_MspInit
 .text.HAL_TIM_Base_MspInit
                0x0000000008000cf8       0x48 ./Core/Src/stm32f1xx_hal_msp.o
                0x0000000008000cf8                HAL_TIM_Base_MspInit
 .text.HAL_UART_MspInit
                0x0000000008000d40       0xa4 ./Core/Src/stm32f1xx_hal_msp.o
                0x0000000008000d40                HAL_UART_MspInit
 .text.NMI_Handler
                0x0000000008000de4        0x6 ./Core/Src/stm32f1xx_it.o
                0x0000000008000de4                NMI_Handler
 .text.HardFault_Handler
                0x0000000008000dea        0x6 ./Core/Src/stm32f1xx_it.o
                0x0000000008000dea                HardFault_Handler
 .text.MemManage_Handler
                0x0000000008000df0        0x6 ./Core/Src/stm32f1xx_it.o
                0x0000000008000df0                MemManage_Handler
 .text.BusFault_Handler
                0x0000000008000df6        0x6 ./Core/Src/stm32f1xx_it.o
                0x0000000008000df6                BusFault_Handler
 .text.UsageFault_Handler
                0x0000000008000dfc        0x6 ./Core/Src/stm32f1xx_it.o
                0x0000000008000dfc                UsageFault_Handler
 .text.SVC_Handler
                0x0000000008000e02        0xc ./Core/Src/stm32f1xx_it.o
                0x0000000008000e02                SVC_Handler
 .text.DebugMon_Handler
                0x0000000008000e0e        0xc ./Core/Src/stm32f1xx_it.o
                0x0000000008000e0e                DebugMon_Handler
 .text.PendSV_Handler
                0x0000000008000e1a        0xc ./Core/Src/stm32f1xx_it.o
                0x0000000008000e1a                PendSV_Handler
 .text.SysTick_Handler
                0x0000000008000e26        0xc ./Core/Src/stm32f1xx_it.o
                0x0000000008000e26                SysTick_Handler
 *fill*         0x0000000008000e32        0x2 
 .text.TIM2_IRQHandler
                0x0000000008000e34       0x14 ./Core/Src/stm32f1xx_it.o
                0x0000000008000e34                TIM2_IRQHandler
 .text.USART2_IRQHandler
                0x0000000008000e48       0x14 ./Core/Src/stm32f1xx_it.o
                0x0000000008000e48                USART2_IRQHandler
 .text._sbrk    0x0000000008000e5c       0x6c ./Core/Src/sysmem.o
                0x0000000008000e5c                _sbrk
 .text.SystemInit
                0x0000000008000ec8        0xc ./Core/Src/system_stm32f1xx.o
                0x0000000008000ec8                SystemInit
 .text.setTrafficLight
                0x0000000008000ed4      0x12c ./Core/Src/traffic_light.o
                0x0000000008000ed4                setTrafficLight
 .text.toggleLight
                0x0000000008001000       0xf0 ./Core/Src/traffic_light.o
                0x0000000008001000                toggleLight
 .text.displayUART
                0x00000000080010f0      0x128 ./Core/Src/uart_timer.o
                0x00000000080010f0                displayUART
 .text.Reset_Handler
                0x0000000008001218       0x48 ./Core/Startup/startup_stm32f103rbtx.o
                0x0000000008001218                Reset_Handler
 .text.Default_Handler
                0x0000000008001260        0x2 ./Core/Startup/startup_stm32f103rbtx.o
                0x0000000008001260                RTC_Alarm_IRQHandler
                0x0000000008001260                EXTI2_IRQHandler
                0x0000000008001260                TIM1_CC_IRQHandler
                0x0000000008001260                PVD_IRQHandler
                0x0000000008001260                EXTI3_IRQHandler
                0x0000000008001260                EXTI0_IRQHandler
                0x0000000008001260                I2C2_EV_IRQHandler
                0x0000000008001260                ADC1_2_IRQHandler
                0x0000000008001260                SPI1_IRQHandler
                0x0000000008001260                TAMPER_IRQHandler
                0x0000000008001260                DMA1_Channel4_IRQHandler
                0x0000000008001260                USART3_IRQHandler
                0x0000000008001260                RTC_IRQHandler
                0x0000000008001260                DMA1_Channel7_IRQHandler
                0x0000000008001260                CAN1_RX1_IRQHandler
                0x0000000008001260                TIM4_IRQHandler
                0x0000000008001260                I2C1_EV_IRQHandler
                0x0000000008001260                DMA1_Channel6_IRQHandler
                0x0000000008001260                TIM3_IRQHandler
                0x0000000008001260                RCC_IRQHandler
                0x0000000008001260                TIM1_TRG_COM_IRQHandler
                0x0000000008001260                DMA1_Channel1_IRQHandler
                0x0000000008001260                Default_Handler
                0x0000000008001260                EXTI15_10_IRQHandler
                0x0000000008001260                EXTI9_5_IRQHandler
                0x0000000008001260                SPI2_IRQHandler
                0x0000000008001260                DMA1_Channel5_IRQHandler
                0x0000000008001260                EXTI4_IRQHandler
                0x0000000008001260                USB_LP_CAN1_RX0_IRQHandler
                0x0000000008001260                USB_HP_CAN1_TX_IRQHandler
                0x0000000008001260                DMA1_Channel3_IRQHandler
                0x0000000008001260                TIM1_UP_IRQHandler
                0x0000000008001260                WWDG_IRQHandler
                0x0000000008001260                TIM1_BRK_IRQHandler
                0x0000000008001260                EXTI1_IRQHandler
                0x0000000008001260                I2C2_ER_IRQHandler
                0x0000000008001260                DMA1_Channel2_IRQHandler
                0x0000000008001260                CAN1_SCE_IRQHandler
                0x0000000008001260                FLASH_IRQHandler
                0x0000000008001260                USART1_IRQHandler
                0x0000000008001260                I2C1_ER_IRQHandler
                0x0000000008001260                USBWakeUp_IRQHandler
 *fill*         0x0000000008001262        0x2 
 .text.HAL_Init
                0x0000000008001264       0x2c ./Drivers/STM32F1xx_HAL_Driver/Src/stm32f1xx_hal.o
                0x0000000008001264                HAL_Init
 .text.HAL_InitTick
                0x0000000008001290       0x60 ./Drivers/STM32F1xx_HAL_Driver/Src/stm32f1xx_hal.o
                0x0000000008001290                HAL_InitTick
 .text.HAL_IncTick
                0x00000000080012f0       0x24 ./Drivers/STM32F1xx_HAL_Driver/Src/stm32f1xx_hal.o
                0x00000000080012f0                HAL_IncTick
 .text.HAL_GetTick
                0x0000000008001314       0x14 ./Drivers/STM32F1xx_HAL_Driver/Src/stm32f1xx_hal.o
                0x0000000008001314                HAL_GetTick
 .text.__NVIC_SetPriorityGrouping
                0x0000000008001328       0x48 ./Drivers/STM32F1xx_HAL_Driver/Src/stm32f1xx_hal_cortex.o
 .text.__NVIC_GetPriorityGrouping
                0x0000000008001370       0x1c ./Drivers/STM32F1xx_HAL_Driver/Src/stm32f1xx_hal_cortex.o
 .text.__NVIC_EnableIRQ
                0x000000000800138c       0x38 ./Drivers/STM32F1xx_HAL_Driver/Src/stm32f1xx_hal_cortex.o
 .text.__NVIC_SetPriority
                0x00000000080013c4       0x54 ./Drivers/STM32F1xx_HAL_Driver/Src/stm32f1xx_hal_cortex.o
 .text.NVIC_EncodePriority
                0x0000000008001418       0x64 ./Drivers/STM32F1xx_HAL_Driver/Src/stm32f1xx_hal_cortex.o
 .text.SysTick_Config
                0x000000000800147c       0x44 ./Drivers/STM32F1xx_HAL_Driver/Src/stm32f1xx_hal_cortex.o
 .text.HAL_NVIC_SetPriorityGrouping
                0x00000000080014c0       0x16 ./Drivers/STM32F1xx_HAL_Driver/Src/stm32f1xx_hal_cortex.o
                0x00000000080014c0                HAL_NVIC_SetPriorityGrouping
 .text.HAL_NVIC_SetPriority
                0x00000000080014d6       0x38 ./Drivers/STM32F1xx_HAL_Driver/Src/stm32f1xx_hal_cortex.o
                0x00000000080014d6                HAL_NVIC_SetPriority
 .text.HAL_NVIC_EnableIRQ
                0x000000000800150e       0x1c ./Drivers/STM32F1xx_HAL_Driver/Src/stm32f1xx_hal_cortex.o
                0x000000000800150e                HAL_NVIC_EnableIRQ
 .text.HAL_SYSTICK_Config
                0x000000000800152a       0x18 ./Drivers/STM32F1xx_HAL_Driver/Src/stm32f1xx_hal_cortex.o
                0x000000000800152a                HAL_SYSTICK_Config
 .text.HAL_DMA_Abort
                0x0000000008001542       0x76 ./Drivers/STM32F1xx_HAL_Driver/Src/stm32f1xx_hal_dma.o
                0x0000000008001542                HAL_DMA_Abort
 .text.HAL_DMA_Abort_IT
                0x00000000080015b8       0xf0 ./Drivers/STM32F1xx_HAL_Driver/Src/stm32f1xx_hal_dma.o
                0x00000000080015b8                HAL_DMA_Abort_IT
 .text.HAL_GPIO_Init
                0x00000000080016a8      0x308 ./Drivers/STM32F1xx_HAL_Driver/Src/stm32f1xx_hal_gpio.o
                0x00000000080016a8                HAL_GPIO_Init
 .text.HAL_GPIO_ReadPin
                0x00000000080019b0       0x2e ./Drivers/STM32F1xx_HAL_Driver/Src/stm32f1xx_hal_gpio.o
                0x00000000080019b0                HAL_GPIO_ReadPin
 .text.HAL_GPIO_WritePin
                0x00000000080019de       0x30 ./Drivers/STM32F1xx_HAL_Driver/Src/stm32f1xx_hal_gpio.o
                0x00000000080019de                HAL_GPIO_WritePin
 .text.HAL_GPIO_TogglePin
                0x0000000008001a0e       0x32 ./Drivers/STM32F1xx_HAL_Driver/Src/stm32f1xx_hal_gpio.o
                0x0000000008001a0e                HAL_GPIO_TogglePin
 .text.HAL_RCC_OscConfig
                0x0000000008001a40      0x500 ./Drivers/STM32F1xx_HAL_Driver/Src/stm32f1xx_hal_rcc.o
                0x0000000008001a40                HAL_RCC_OscConfig
 .text.HAL_RCC_ClockConfig
                0x0000000008001f40      0x1d4 ./Drivers/STM32F1xx_HAL_Driver/Src/stm32f1xx_hal_rcc.o
                0x0000000008001f40                HAL_RCC_ClockConfig
 .text.HAL_RCC_GetSysClockFreq
                0x0000000008002114       0xa8 ./Drivers/STM32F1xx_HAL_Driver/Src/stm32f1xx_hal_rcc.o
                0x0000000008002114                HAL_RCC_GetSysClockFreq
 .text.HAL_RCC_GetHCLKFreq
                0x00000000080021bc       0x14 ./Drivers/STM32F1xx_HAL_Driver/Src/stm32f1xx_hal_rcc.o
                0x00000000080021bc                HAL_RCC_GetHCLKFreq
 .text.HAL_RCC_GetPCLK1Freq
                0x00000000080021d0       0x28 ./Drivers/STM32F1xx_HAL_Driver/Src/stm32f1xx_hal_rcc.o
                0x00000000080021d0                HAL_RCC_GetPCLK1Freq
 .text.HAL_RCC_GetPCLK2Freq
                0x00000000080021f8       0x28 ./Drivers/STM32F1xx_HAL_Driver/Src/stm32f1xx_hal_rcc.o
                0x00000000080021f8                HAL_RCC_GetPCLK2Freq
 .text.RCC_Delay
                0x0000000008002220       0x3c ./Drivers/STM32F1xx_HAL_Driver/Src/stm32f1xx_hal_rcc.o
 .text.HAL_TIM_Base_Init
                0x000000000800225c       0x9e ./Drivers/STM32F1xx_HAL_Driver/Src/stm32f1xx_hal_tim.o
                0x000000000800225c                HAL_TIM_Base_Init
 *fill*         0x00000000080022fa        0x2 
 .text.HAL_TIM_Base_Start_IT
                0x00000000080022fc       0xa4 ./Drivers/STM32F1xx_HAL_Driver/Src/stm32f1xx_hal_tim.o
                0x00000000080022fc                HAL_TIM_Base_Start_IT
 .text.HAL_TIM_IRQHandler
                0x00000000080023a0      0x210 ./Drivers/STM32F1xx_HAL_Driver/Src/stm32f1xx_hal_tim.o
                0x00000000080023a0                HAL_TIM_IRQHandler
 .text.HAL_TIM_ConfigClockSource
                0x00000000080025b0      0x18e ./Drivers/STM32F1xx_HAL_Driver/Src/stm32f1xx_hal_tim.o
                0x00000000080025b0                HAL_TIM_ConfigClockSource
 .text.HAL_TIM_OC_DelayElapsedCallback
                0x000000000800273e       0x12 ./Drivers/STM32F1xx_HAL_Driver/Src/stm32f1xx_hal_tim.o
                0x000000000800273e                HAL_TIM_OC_DelayElapsedCallback
 .text.HAL_TIM_IC_CaptureCallback
                0x0000000008002750       0x12 ./Drivers/STM32F1xx_HAL_Driver/Src/stm32f1xx_hal_tim.o
                0x0000000008002750                HAL_TIM_IC_CaptureCallback
 .text.HAL_TIM_PWM_PulseFinishedCallback
                0x0000000008002762       0x12 ./Drivers/STM32F1xx_HAL_Driver/Src/stm32f1xx_hal_tim.o
                0x0000000008002762                HAL_TIM_PWM_PulseFinishedCallback
 .text.HAL_TIM_TriggerCallback
                0x0000000008002774       0x12 ./Drivers/STM32F1xx_HAL_Driver/Src/stm32f1xx_hal_tim.o
                0x0000000008002774                HAL_TIM_TriggerCallback
 *fill*         0x0000000008002786        0x2 
 .text.TIM_Base_SetConfig
                0x0000000008002788       0xc4 ./Drivers/STM32F1xx_HAL_Driver/Src/stm32f1xx_hal_tim.o
                0x0000000008002788                TIM_Base_SetConfig
 .text.TIM_TI1_ConfigInputStage
                0x000000000800284c       0x5c ./Drivers/STM32F1xx_HAL_Driver/Src/stm32f1xx_hal_tim.o
 .text.TIM_TI2_ConfigInputStage
                0x00000000080028a8       0x5e ./Drivers/STM32F1xx_HAL_Driver/Src/stm32f1xx_hal_tim.o
 .text.TIM_ITRx_SetConfig
                0x0000000008002906       0x34 ./Drivers/STM32F1xx_HAL_Driver/Src/stm32f1xx_hal_tim.o
 .text.TIM_ETR_SetConfig
                0x000000000800293a       0x3e ./Drivers/STM32F1xx_HAL_Driver/Src/stm32f1xx_hal_tim.o
                0x000000000800293a                TIM_ETR_SetConfig
 .text.HAL_TIMEx_MasterConfigSynchronization
                0x0000000008002978       0xbc ./Drivers/STM32F1xx_HAL_Driver/Src/stm32f1xx_hal_tim_ex.o
                0x0000000008002978                HAL_TIMEx_MasterConfigSynchronization
 .text.HAL_TIMEx_CommutCallback
                0x0000000008002a34       0x12 ./Drivers/STM32F1xx_HAL_Driver/Src/stm32f1xx_hal_tim_ex.o
                0x0000000008002a34                HAL_TIMEx_CommutCallback
 .text.HAL_TIMEx_BreakCallback
                0x0000000008002a46       0x12 ./Drivers/STM32F1xx_HAL_Driver/Src/stm32f1xx_hal_tim_ex.o
                0x0000000008002a46                HAL_TIMEx_BreakCallback
 .text.HAL_UART_Init
                0x0000000008002a58       0xa0 ./Drivers/STM32F1xx_HAL_Driver/Src/stm32f1xx_hal_uart.o
                0x0000000008002a58                HAL_UART_Init
 .text.HAL_UART_Transmit
                0x0000000008002af8      0x106 ./Drivers/STM32F1xx_HAL_Driver/Src/stm32f1xx_hal_uart.o
                0x0000000008002af8                HAL_UART_Transmit
 *fill*         0x0000000008002bfe        0x2 
 .text.HAL_UART_IRQHandler
                0x0000000008002c00      0x524 ./Drivers/STM32F1xx_HAL_Driver/Src/stm32f1xx_hal_uart.o
                0x0000000008002c00                HAL_UART_IRQHandler
 .text.HAL_UART_TxCpltCallback
                0x0000000008003124       0x12 ./Drivers/STM32F1xx_HAL_Driver/Src/stm32f1xx_hal_uart.o
                0x0000000008003124                HAL_UART_TxCpltCallback
 .text.HAL_UART_RxCpltCallback
                0x0000000008003136       0x12 ./Drivers/STM32F1xx_HAL_Driver/Src/stm32f1xx_hal_uart.o
                0x0000000008003136                HAL_UART_RxCpltCallback
 .text.HAL_UART_ErrorCallback
                0x0000000008003148       0x12 ./Drivers/STM32F1xx_HAL_Driver/Src/stm32f1xx_hal_uart.o
                0x0000000008003148                HAL_UART_ErrorCallback
 .text.HAL_UARTEx_RxEventCallback
                0x000000000800315a       0x16 ./Drivers/STM32F1xx_HAL_Driver/Src/stm32f1xx_hal_uart.o
                0x000000000800315a                HAL_UARTEx_RxEventCallback
 .text.UART_WaitOnFlagUntilTimeout
                0x0000000008003170       0xdc ./Drivers/STM32F1xx_HAL_Driver/Src/stm32f1xx_hal_uart.o
 .text.UART_EndRxTransfer
                0x000000000800324c       0xc4 ./Drivers/STM32F1xx_HAL_Driver/Src/stm32f1xx_hal_uart.o
 .text.UART_DMAAbortOnError
                0x0000000008003310       0x28 ./Drivers/STM32F1xx_HAL_Driver/Src/stm32f1xx_hal_uart.o
 .text.UART_Transmit_IT
                0x0000000008003338       0x9e ./Drivers/STM32F1xx_HAL_Driver/Src/stm32f1xx_hal_uart.o
 .text.UART_EndTransmit_IT
                0x00000000080033d6       0x30 ./Drivers/STM32F1xx_HAL_Driver/Src/stm32f1xx_hal_uart.o
 .text.UART_Receive_IT
                0x0000000008003406      0x17c ./Drivers/STM32F1xx_HAL_Driver/Src/stm32f1xx_hal_uart.o
 *fill*         0x0000000008003582        0x2 
 .text.UART_SetConfig
                0x0000000008003584      0x11c ./Drivers/STM32F1xx_HAL_Driver/Src/stm32f1xx_hal_uart.o
 .text.__errno  0x00000000080036a0        0xc c:/st/stm32cubeide_1.7.0/stm32cubeide/plugins/com.st.stm32cube.ide.mcu.externaltools.gnu-tools-for-stm32.9-2020-q2-update.win32_2.0.0.202105311346/tools/bin/../lib/gcc/arm-none-eabi/9.3.1/../../../../arm-none-eabi/lib/thumb/v7-m/nofp\libc_nano.a(lib_a-errno.o)
                0x00000000080036a0                __errno
 .text.__libc_init_array
                0x00000000080036ac       0x48 c:/st/stm32cubeide_1.7.0/stm32cubeide/plugins/com.st.stm32cube.ide.mcu.externaltools.gnu-tools-for-stm32.9-2020-q2-update.win32_2.0.0.202105311346/tools/bin/../lib/gcc/arm-none-eabi/9.3.1/../../../../arm-none-eabi/lib/thumb/v7-m/nofp\libc_nano.a(lib_a-init.o)
                0x00000000080036ac                __libc_init_array
 .text.memset   0x00000000080036f4       0x10 c:/st/stm32cubeide_1.7.0/stm32cubeide/plugins/com.st.stm32cube.ide.mcu.externaltools.gnu-tools-for-stm32.9-2020-q2-update.win32_2.0.0.202105311346/tools/bin/../lib/gcc/arm-none-eabi/9.3.1/../../../../arm-none-eabi/lib/thumb/v7-m/nofp\libc_nano.a(lib_a-memset.o)
                0x00000000080036f4                memset
 .text.sprintf  0x0000000008003704       0x40 c:/st/stm32cubeide_1.7.0/stm32cubeide/plugins/com.st.stm32cube.ide.mcu.externaltools.gnu-tools-for-stm32.9-2020-q2-update.win32_2.0.0.202105311346/tools/bin/../lib/gcc/arm-none-eabi/9.3.1/../../../../arm-none-eabi/lib/thumb/v7-m/nofp\libc_nano.a(lib_a-sprintf.o)
                0x0000000008003704                siprintf
                0x0000000008003704                sprintf
 .text.__ssputs_r
                0x0000000008003744       0xb6 c:/st/stm32cubeide_1.7.0/stm32cubeide/plugins/com.st.stm32cube.ide.mcu.externaltools.gnu-tools-for-stm32.9-2020-q2-update.win32_2.0.0.202105311346/tools/bin/../lib/gcc/arm-none-eabi/9.3.1/../../../../arm-none-eabi/lib/thumb/v7-m/nofp\libc_nano.a(lib_a-nano-svfprintf.o)
                0x0000000008003744                __ssputs_r
 *fill*         0x00000000080037fa        0x2 
 .text._svfprintf_r
                0x00000000080037fc      0x200 c:/st/stm32cubeide_1.7.0/stm32cubeide/plugins/com.st.stm32cube.ide.mcu.externaltools.gnu-tools-for-stm32.9-2020-q2-update.win32_2.0.0.202105311346/tools/bin/../lib/gcc/arm-none-eabi/9.3.1/../../../../arm-none-eabi/lib/thumb/v7-m/nofp\libc_nano.a(lib_a-nano-svfprintf.o)
                0x00000000080037fc                _svfiprintf_r
                0x00000000080037fc                _svfprintf_r
 .text._printf_common
                0x00000000080039fc       0xde c:/st/stm32cubeide_1.7.0/stm32cubeide/plugins/com.st.stm32cube.ide.mcu.externaltools.gnu-tools-for-stm32.9-2020-q2-update.win32_2.0.0.202105311346/tools/bin/../lib/gcc/arm-none-eabi/9.3.1/../../../../arm-none-eabi/lib/thumb/v7-m/nofp\libc_nano.a(lib_a-nano-vfprintf_i.o)
                0x00000000080039fc                _printf_common
 *fill*         0x0000000008003ada        0x2 
 .text._printf_i
                0x0000000008003adc      0x24c c:/st/stm32cubeide_1.7.0/stm32cubeide/plugins/com.st.stm32cube.ide.mcu.externaltools.gnu-tools-for-stm32.9-2020-q2-update.win32_2.0.0.202105311346/tools/bin/../lib/gcc/arm-none-eabi/9.3.1/../../../../arm-none-eabi/lib/thumb/v7-m/nofp\libc_nano.a(lib_a-nano-vfprintf_i.o)
                0x0000000008003adc                _printf_i
 .text.memchr   0x0000000008003d28       0x1c c:/st/stm32cubeide_1.7.0/stm32cubeide/plugins/com.st.stm32cube.ide.mcu.externaltools.gnu-tools-for-stm32.9-2020-q2-update.win32_2.0.0.202105311346/tools/bin/../lib/gcc/arm-none-eabi/9.3.1/../../../../arm-none-eabi/lib/thumb/v7-m/nofp\libc_nano.a(lib_a-memchr-stub.o)
                0x0000000008003d28                memchr
 .text.memcpy   0x0000000008003d44       0x1c c:/st/stm32cubeide_1.7.0/stm32cubeide/plugins/com.st.stm32cube.ide.mcu.externaltools.gnu-tools-for-stm32.9-2020-q2-update.win32_2.0.0.202105311346/tools/bin/../lib/gcc/arm-none-eabi/9.3.1/../../../../arm-none-eabi/lib/thumb/v7-m/nofp\libc_nano.a(lib_a-memcpy-stub.o)
                0x0000000008003d44                memcpy
 .text.memmove  0x0000000008003d60       0x34 c:/st/stm32cubeide_1.7.0/stm32cubeide/plugins/com.st.stm32cube.ide.mcu.externaltools.gnu-tools-for-stm32.9-2020-q2-update.win32_2.0.0.202105311346/tools/bin/../lib/gcc/arm-none-eabi/9.3.1/../../../../arm-none-eabi/lib/thumb/v7-m/nofp\libc_nano.a(lib_a-memmove.o)
                0x0000000008003d60                memmove
 .text._free_r  0x0000000008003d94       0x98 c:/st/stm32cubeide_1.7.0/stm32cubeide/plugins/com.st.stm32cube.ide.mcu.externaltools.gnu-tools-for-stm32.9-2020-q2-update.win32_2.0.0.202105311346/tools/bin/../lib/gcc/arm-none-eabi/9.3.1/../../../../arm-none-eabi/lib/thumb/v7-m/nofp\libc_nano.a(lib_a-nano-freer.o)
                0x0000000008003d94                _free_r
 .text._malloc_r
                0x0000000008003e2c       0xb4 c:/st/stm32cubeide_1.7.0/stm32cubeide/plugins/com.st.stm32cube.ide.mcu.externaltools.gnu-tools-for-stm32.9-2020-q2-update.win32_2.0.0.202105311346/tools/bin/../lib/gcc/arm-none-eabi/9.3.1/../../../../arm-none-eabi/lib/thumb/v7-m/nofp\libc_nano.a(lib_a-nano-mallocr.o)
                0x0000000008003e2c                _malloc_r
 .text._realloc_r
                0x0000000008003ee0       0x4c c:/st/stm32cubeide_1.7.0/stm32cubeide/plugins/com.st.stm32cube.ide.mcu.externaltools.gnu-tools-for-stm32.9-2020-q2-update.win32_2.0.0.202105311346/tools/bin/../lib/gcc/arm-none-eabi/9.3.1/../../../../arm-none-eabi/lib/thumb/v7-m/nofp\libc_nano.a(lib_a-nano-reallocr.o)
                0x0000000008003ee0                _realloc_r
 .text._sbrk_r  0x0000000008003f2c       0x20 c:/st/stm32cubeide_1.7.0/stm32cubeide/plugins/com.st.stm32cube.ide.mcu.externaltools.gnu-tools-for-stm32.9-2020-q2-update.win32_2.0.0.202105311346/tools/bin/../lib/gcc/arm-none-eabi/9.3.1/../../../../arm-none-eabi/lib/thumb/v7-m/nofp\libc_nano.a(lib_a-sbrkr.o)
                0x0000000008003f2c                _sbrk_r
 .text.__malloc_lock
                0x0000000008003f4c        0xc c:/st/stm32cubeide_1.7.0/stm32cubeide/plugins/com.st.stm32cube.ide.mcu.externaltools.gnu-tools-for-stm32.9-2020-q2-update.win32_2.0.0.202105311346/tools/bin/../lib/gcc/arm-none-eabi/9.3.1/../../../../arm-none-eabi/lib/thumb/v7-m/nofp\libc_nano.a(lib_a-mlock.o)
                0x0000000008003f4c                __malloc_lock
 .text.__malloc_unlock
                0x0000000008003f58        0xc c:/st/stm32cubeide_1.7.0/stm32cubeide/plugins/com.st.stm32cube.ide.mcu.externaltools.gnu-tools-for-stm32.9-2020-q2-update.win32_2.0.0.202105311346/tools/bin/../lib/gcc/arm-none-eabi/9.3.1/../../../../arm-none-eabi/lib/thumb/v7-m/nofp\libc_nano.a(lib_a-mlock.o)
                0x0000000008003f58                __malloc_unlock
 .text._malloc_usable_size_r
                0x0000000008003f64       0x10 c:/st/stm32cubeide_1.7.0/stm32cubeide/plugins/com.st.stm32cube.ide.mcu.externaltools.gnu-tools-for-stm32.9-2020-q2-update.win32_2.0.0.202105311346/tools/bin/../lib/gcc/arm-none-eabi/9.3.1/../../../../arm-none-eabi/lib/thumb/v7-m/nofp\libc_nano.a(lib_a-nano-msizer.o)
                0x0000000008003f64                _malloc_usable_size_r
 .text.__retarget_lock_acquire_recursive
                0x0000000008003f74        0x2 c:/st/stm32cubeide_1.7.0/stm32cubeide/plugins/com.st.stm32cube.ide.mcu.externaltools.gnu-tools-for-stm32.9-2020-q2-update.win32_2.0.0.202105311346/tools/bin/../lib/gcc/arm-none-eabi/9.3.1/../../../../arm-none-eabi/lib/thumb/v7-m/nofp\libc_nano.a(lib_a-lock.o)
                0x0000000008003f74                __retarget_lock_acquire_recursive
 .text.__retarget_lock_release_recursive
                0x0000000008003f76        0x2 c:/st/stm32cubeide_1.7.0/stm32cubeide/plugins/com.st.stm32cube.ide.mcu.externaltools.gnu-tools-for-stm32.9-2020-q2-update.win32_2.0.0.202105311346/tools/bin/../lib/gcc/arm-none-eabi/9.3.1/../../../../arm-none-eabi/lib/thumb/v7-m/nofp\libc_nano.a(lib_a-lock.o)
                0x0000000008003f76                __retarget_lock_release_recursive
 *(.glue_7)
 .glue_7        0x0000000008003f78        0x0 linker stubs
 *(.glue_7t)
 .glue_7t       0x0000000008003f78        0x0 linker stubs
 *(.eh_frame)
 .eh_frame      0x0000000008003f78        0x0 c:/st/stm32cubeide_1.7.0/stm32cubeide/plugins/com.st.stm32cube.ide.mcu.externaltools.gnu-tools-for-stm32.9-2020-q2-update.win32_2.0.0.202105311346/tools/bin/../lib/gcc/arm-none-eabi/9.3.1/thumb/v7-m/nofp/crtbegin.o
 *(.init)
 .init          0x0000000008003f78        0x4 c:/st/stm32cubeide_1.7.0/stm32cubeide/plugins/com.st.stm32cube.ide.mcu.externaltools.gnu-tools-for-stm32.9-2020-q2-update.win32_2.0.0.202105311346/tools/bin/../lib/gcc/arm-none-eabi/9.3.1/thumb/v7-m/nofp/crti.o
                0x0000000008003f78                _init
 .init          0x0000000008003f7c        0x8 c:/st/stm32cubeide_1.7.0/stm32cubeide/plugins/com.st.stm32cube.ide.mcu.externaltools.gnu-tools-for-stm32.9-2020-q2-update.win32_2.0.0.202105311346/tools/bin/../lib/gcc/arm-none-eabi/9.3.1/thumb/v7-m/nofp/crtn.o
 *(.fini)
 .fini          0x0000000008003f84        0x4 c:/st/stm32cubeide_1.7.0/stm32cubeide/plugins/com.st.stm32cube.ide.mcu.externaltools.gnu-tools-for-stm32.9-2020-q2-update.win32_2.0.0.202105311346/tools/bin/../lib/gcc/arm-none-eabi/9.3.1/thumb/v7-m/nofp/crti.o
                0x0000000008003f84                _fini
 .fini          0x0000000008003f88        0x8 c:/st/stm32cubeide_1.7.0/stm32cubeide/plugins/com.st.stm32cube.ide.mcu.externaltools.gnu-tools-for-stm32.9-2020-q2-update.win32_2.0.0.202105311346/tools/bin/../lib/gcc/arm-none-eabi/9.3.1/thumb/v7-m/nofp/crtn.o
                0x0000000008003f90                . = ALIGN (0x4)
                0x0000000008003f90                _etext = .

.vfp11_veneer   0x0000000008003f90        0x0
 .vfp11_veneer  0x0000000008003f90        0x0 linker stubs

.v4_bx          0x0000000008003f90        0x0
 .v4_bx         0x0000000008003f90        0x0 linker stubs

.iplt           0x0000000008003f90        0x0
 .iplt          0x0000000008003f90        0x0 c:/st/stm32cubeide_1.7.0/stm32cubeide/plugins/com.st.stm32cube.ide.mcu.externaltools.gnu-tools-for-stm32.9-2020-q2-update.win32_2.0.0.202105311346/tools/bin/../lib/gcc/arm-none-eabi/9.3.1/thumb/v7-m/nofp/crtbegin.o

.rodata         0x0000000008003f90       0xa4
                0x0000000008003f90                . = ALIGN (0x4)
 *(.rodata)
 .rodata        0x0000000008003f90       0x42 ./Core/Src/uart_timer.o
 *(.rodata*)
 *fill*         0x0000000008003fd2        0x2 
 .rodata.AHBPrescTable
                0x0000000008003fd4       0x10 ./Core/Src/system_stm32f1xx.o
                0x0000000008003fd4                AHBPrescTable
 .rodata.APBPrescTable
                0x0000000008003fe4        0x8 ./Core/Src/system_stm32f1xx.o
                0x0000000008003fe4                APBPrescTable
 .rodata.aPLLMULFactorTable.6196
                0x0000000008003fec       0x10 ./Drivers/STM32F1xx_HAL_Driver/Src/stm32f1xx_hal_rcc.o
 .rodata.aPredivFactorTable.6197
                0x0000000008003ffc        0x2 ./Drivers/STM32F1xx_HAL_Driver/Src/stm32f1xx_hal_rcc.o
 .rodata._svfprintf_r.str1.1
                0x0000000008003ffe       0x11 c:/st/stm32cubeide_1.7.0/stm32cubeide/plugins/com.st.stm32cube.ide.mcu.externaltools.gnu-tools-for-stm32.9-2020-q2-update.win32_2.0.0.202105311346/tools/bin/../lib/gcc/arm-none-eabi/9.3.1/../../../../arm-none-eabi/lib/thumb/v7-m/nofp\libc_nano.a(lib_a-nano-svfprintf.o)
 .rodata._printf_i.str1.1
                0x000000000800400f       0x22 c:/st/stm32cubeide_1.7.0/stm32cubeide/plugins/com.st.stm32cube.ide.mcu.externaltools.gnu-tools-for-stm32.9-2020-q2-update.win32_2.0.0.202105311346/tools/bin/../lib/gcc/arm-none-eabi/9.3.1/../../../../arm-none-eabi/lib/thumb/v7-m/nofp\libc_nano.a(lib_a-nano-vfprintf_i.o)
                0x0000000008004034                . = ALIGN (0x4)
 *fill*         0x0000000008004031        0x3 

.rel.dyn        0x0000000008004034        0x0
 .rel.iplt      0x0000000008004034        0x0 c:/st/stm32cubeide_1.7.0/stm32cubeide/plugins/com.st.stm32cube.ide.mcu.externaltools.gnu-tools-for-stm32.9-2020-q2-update.win32_2.0.0.202105311346/tools/bin/../lib/gcc/arm-none-eabi/9.3.1/thumb/v7-m/nofp/crtbegin.o

.ARM.extab      0x0000000008004034        0x0
                0x0000000008004034                . = ALIGN (0x4)
 *(.ARM.extab* .gnu.linkonce.armextab.*)
                0x0000000008004034                . = ALIGN (0x4)

.ARM            0x0000000008004034        0x0
                0x0000000008004034                . = ALIGN (0x4)
                0x0000000008004034                __exidx_start = .
 *(.ARM.exidx*)
                0x0000000008004034                __exidx_end = .
                0x0000000008004034                . = ALIGN (0x4)

.preinit_array  0x0000000008004034        0x0
                0x0000000008004034                . = ALIGN (0x4)
                0x0000000008004034                PROVIDE (__preinit_array_start = .)
 *(.preinit_array*)
                0x0000000008004034                PROVIDE (__preinit_array_end = .)
                0x0000000008004034                . = ALIGN (0x4)

.init_array     0x0000000008004034        0x4
                0x0000000008004034                . = ALIGN (0x4)
                0x0000000008004034                PROVIDE (__init_array_start = .)
 *(SORT_BY_NAME(.init_array.*))
 *(.init_array*)
 .init_array    0x0000000008004034        0x4 c:/st/stm32cubeide_1.7.0/stm32cubeide/plugins/com.st.stm32cube.ide.mcu.externaltools.gnu-tools-for-stm32.9-2020-q2-update.win32_2.0.0.202105311346/tools/bin/../lib/gcc/arm-none-eabi/9.3.1/thumb/v7-m/nofp/crtbegin.o
                0x0000000008004038                PROVIDE (__init_array_end = .)
                0x0000000008004038                . = ALIGN (0x4)

.fini_array     0x0000000008004038        0x4
                0x0000000008004038                . = ALIGN (0x4)
                [!provide]                        PROVIDE (__fini_array_start = .)
 *(SORT_BY_NAME(.fini_array.*))
 *(.fini_array*)
 .fini_array    0x0000000008004038        0x4 c:/st/stm32cubeide_1.7.0/stm32cubeide/plugins/com.st.stm32cube.ide.mcu.externaltools.gnu-tools-for-stm32.9-2020-q2-update.win32_2.0.0.202105311346/tools/bin/../lib/gcc/arm-none-eabi/9.3.1/thumb/v7-m/nofp/crtbegin.o
                [!provide]                        PROVIDE (__fini_array_end = .)
                0x000000000800403c                . = ALIGN (0x4)
                0x000000000800403c                _sidata = LOADADDR (.data)

.data           0x0000000020000000      0x128 load address 0x000000000800403c
                0x0000000020000000                . = ALIGN (0x4)
                0x0000000020000000                _sdata = .
 *(.data)
 *(.data*)
 .data.BUTTON_PORT
                0x0000000020000000       0x10 ./Core/Src/button.o
                0x0000000020000000                BUTTON_PORT
 .data.BUTTON_PIN
                0x0000000020000010        0x8 ./Core/Src/button.o
                0x0000000020000010                BUTTON_PIN
 .data.KeyReg0  0x0000000020000018       0x10 ./Core/Src/button.o
                0x0000000020000018                KeyReg0
 .data.KeyReg1  0x0000000020000028       0x10 ./Core/Src/button.o
                0x0000000020000028                KeyReg1
 .data.KeyReg2  0x0000000020000038       0x10 ./Core/Src/button.o
                0x0000000020000038                KeyReg2
 .data.KeyReg3  0x0000000020000048       0x10 ./Core/Src/button.o
                0x0000000020000048                KeyReg3
 .data.TimerForKeyPress
                0x0000000020000058       0x10 ./Core/Src/button.o
                0x0000000020000058                TimerForKeyPress
 .data.initMode
                0x0000000020000068        0xc ./Core/Src/fsm_automatic.o
                0x0000000020000068                initMode
 .data.LED_MODE
                0x0000000020000074        0xc ./Core/Src/global.o
                0x0000000020000074                LED_MODE
 .data.MODE     0x0000000020000080        0x4 ./Core/Src/global.o
                0x0000000020000080                MODE
 .data.TRAFFIC_MODE
                0x0000000020000084        0x4 ./Core/Src/global.o
                0x0000000020000084                TRAFFIC_MODE
 .data.RED_DURATION
                0x0000000020000088        0x4 ./Core/Src/global.o
                0x0000000020000088                RED_DURATION
 .data.AMBER_DURATION
                0x000000002000008c        0x4 ./Core/Src/global.o
                0x000000002000008c                AMBER_DURATION
 .data.GREEN_DURATION
                0x0000000020000090        0x4 ./Core/Src/global.o
                0x0000000020000090                GREEN_DURATION
 .data.SystemCoreClock
                0x0000000020000094        0x4 ./Core/Src/system_stm32f1xx.o
                0x0000000020000094                SystemCoreClock
 .data.D_Pin    0x0000000020000098        0xc ./Core/Src/traffic_light.o
                0x0000000020000098                D_Pin
 .data.D_Port   0x00000000200000a4       0x18 ./Core/Src/traffic_light.o
                0x00000000200000a4                D_Port
 .data.uwTickPrio
                0x00000000200000bc        0x4 ./Drivers/STM32F1xx_HAL_Driver/Src/stm32f1xx_hal.o
                0x00000000200000bc                uwTickPrio
 .data.uwTickFreq
                0x00000000200000c0        0x1 ./Drivers/STM32F1xx_HAL_Driver/Src/stm32f1xx_hal.o
                0x00000000200000c0                uwTickFreq
 *fill*         0x00000000200000c1        0x3 
 .data._impure_ptr
                0x00000000200000c4        0x4 c:/st/stm32cubeide_1.7.0/stm32cubeide/plugins/com.st.stm32cube.ide.mcu.externaltools.gnu-tools-for-stm32.9-2020-q2-update.win32_2.0.0.202105311346/tools/bin/../lib/gcc/arm-none-eabi/9.3.1/../../../../arm-none-eabi/lib/thumb/v7-m/nofp\libc_nano.a(lib_a-impure.o)
                0x00000000200000c4                _impure_ptr
 .data.impure_data
                0x00000000200000c8       0x60 c:/st/stm32cubeide_1.7.0/stm32cubeide/plugins/com.st.stm32cube.ide.mcu.externaltools.gnu-tools-for-stm32.9-2020-q2-update.win32_2.0.0.202105311346/tools/bin/../lib/gcc/arm-none-eabi/9.3.1/../../../../arm-none-eabi/lib/thumb/v7-m/nofp\libc_nano.a(lib_a-impure.o)
 *(.RamFunc)
 *(.RamFunc*)
                0x0000000020000128                . = ALIGN (0x4)
                0x0000000020000128                _edata = .

.igot.plt       0x0000000020000128        0x0 load address 0x0000000008004164
 .igot.plt      0x0000000020000128        0x0 c:/st/stm32cubeide_1.7.0/stm32cubeide/plugins/com.st.stm32cube.ide.mcu.externaltools.gnu-tools-for-stm32.9-2020-q2-update.win32_2.0.0.202105311346/tools/bin/../lib/gcc/arm-none-eabi/9.3.1/thumb/v7-m/nofp/crtbegin.o
                0x0000000020000128                . = ALIGN (0x4)

.bss            0x0000000020000128      0x118 load address 0x0000000008004164
                0x0000000020000128                _sbss = .
                0x0000000020000128                __bss_start__ = _sbss
 *(.bss)
 .bss           0x0000000020000128       0x1c c:/st/stm32cubeide_1.7.0/stm32cubeide/plugins/com.st.stm32cube.ide.mcu.externaltools.gnu-tools-for-stm32.9-2020-q2-update.win32_2.0.0.202105311346/tools/bin/../lib/gcc/arm-none-eabi/9.3.1/thumb/v7-m/nofp/crtbegin.o
 *(.bss*)
 .bss.button_flag
                0x0000000020000144       0x10 ./Core/Src/button.o
                0x0000000020000144                button_flag
 .bss.tempDuration
                0x0000000020000154        0x4 ./Core/Src/fsm_manual.o
                0x0000000020000154                tempDuration
 .bss.PED       0x0000000020000158        0x4 ./Core/Src/global.o
                0x0000000020000158                PED
 .bss.timer_counter
                0x000000002000015c       0x10 ./Core/Src/software_timer.o
                0x000000002000015c                timer_counter
 .bss.timer_flag
                0x000000002000016c       0x10 ./Core/Src/software_timer.o
                0x000000002000016c                timer_flag
 .bss.__sbrk_heap_end
                0x000000002000017c        0x4 ./Core/Src/sysmem.o
 .bss.__malloc_free_list
                0x0000000020000180        0x4 c:/st/stm32cubeide_1.7.0/stm32cubeide/plugins/com.st.stm32cube.ide.mcu.externaltools.gnu-tools-for-stm32.9-2020-q2-update.win32_2.0.0.202105311346/tools/bin/../lib/gcc/arm-none-eabi/9.3.1/../../../../arm-none-eabi/lib/thumb/v7-m/nofp\libc_nano.a(lib_a-nano-mallocr.o)
                0x0000000020000180                __malloc_free_list
 .bss.__malloc_sbrk_start
                0x0000000020000184        0x4 c:/st/stm32cubeide_1.7.0/stm32cubeide/plugins/com.st.stm32cube.ide.mcu.externaltools.gnu-tools-for-stm32.9-2020-q2-update.win32_2.0.0.202105311346/tools/bin/../lib/gcc/arm-none-eabi/9.3.1/../../../../arm-none-eabi/lib/thumb/v7-m/nofp\libc_nano.a(lib_a-nano-mallocr.o)
                0x0000000020000184                __malloc_sbrk_start
 *(COMMON)
 COMMON         0x0000000020000188       0x48 ./Core/Src/button.o
                0x0000000020000188                huart2
 COMMON         0x00000000200001d0       0x48 ./Core/Src/main.o
                0x00000000200001d0                htim2
 COMMON         0x0000000020000218       0x14 ./Core/Src/uart_timer.o
                0x0000000020000218                str
 COMMON         0x000000002000022c        0x4 ./Drivers/STM32F1xx_HAL_Driver/Src/stm32f1xx_hal.o
                0x000000002000022c                uwTick
 COMMON         0x0000000020000230        0x4 c:/st/stm32cubeide_1.7.0/stm32cubeide/plugins/com.st.stm32cube.ide.mcu.externaltools.gnu-tools-for-stm32.9-2020-q2-update.win32_2.0.0.202105311346/tools/bin/../lib/gcc/arm-none-eabi/9.3.1/../../../../arm-none-eabi/lib/thumb/v7-m/nofp\libc_nano.a(lib_a-reent.o)
                0x0000000020000230                errno
 COMMON         0x0000000020000234        0x9 c:/st/stm32cubeide_1.7.0/stm32cubeide/plugins/com.st.stm32cube.ide.mcu.externaltools.gnu-tools-for-stm32.9-2020-q2-update.win32_2.0.0.202105311346/tools/bin/../lib/gcc/arm-none-eabi/9.3.1/../../../../arm-none-eabi/lib/thumb/v7-m/nofp\libc_nano.a(lib_a-lock.o)
                0x0000000020000234                __lock___atexit_recursive_mutex
                0x0000000020000235                __lock___arc4random_mutex
                0x0000000020000236                __lock___env_recursive_mutex
                0x0000000020000237                __lock___sinit_recursive_mutex
                0x0000000020000238                __lock___malloc_recursive_mutex
                0x0000000020000239                __lock___at_quick_exit_mutex
                0x000000002000023a                __lock___dd_hash_mutex
                0x000000002000023b                __lock___tz_mutex
                0x000000002000023c                __lock___sfp_recursive_mutex
                0x0000000020000240                . = ALIGN (0x4)
 *fill*         0x000000002000023d        0x3 
                0x0000000020000240                _ebss = .
                0x0000000020000240                __bss_end__ = _ebss

._user_heap_stack
                0x0000000020000240      0x600 load address 0x0000000008004164
                0x0000000020000240                . = ALIGN (0x8)
                [!provide]                        PROVIDE (end = .)
                0x0000000020000240                PROVIDE (_end = .)
                0x0000000020000440                . = (. + _Min_Heap_Size)
 *fill*         0x0000000020000240      0x200 
                0x0000000020000840                . = (. + _Min_Stack_Size)
 *fill*         0x0000000020000440      0x400 
                0x0000000020000840                . = ALIGN (0x8)

/DISCARD/
 libc.a(*)
 libm.a(*)
 libgcc.a(*)

.ARM.attributes
                0x0000000000000000       0x29
 *(.ARM.attributes)
 .ARM.attributes
                0x0000000000000000       0x1d c:/st/stm32cubeide_1.7.0/stm32cubeide/plugins/com.st.stm32cube.ide.mcu.externaltools.gnu-tools-for-stm32.9-2020-q2-update.win32_2.0.0.202105311346/tools/bin/../lib/gcc/arm-none-eabi/9.3.1/thumb/v7-m/nofp/crti.o
 .ARM.attributes
                0x000000000000001d       0x2d c:/st/stm32cubeide_1.7.0/stm32cubeide/plugins/com.st.stm32cube.ide.mcu.externaltools.gnu-tools-for-stm32.9-2020-q2-update.win32_2.0.0.202105311346/tools/bin/../lib/gcc/arm-none-eabi/9.3.1/thumb/v7-m/nofp/crtbegin.o
 .ARM.attributes
                0x000000000000004a       0x2d ./Core/Src/button.o
 .ARM.attributes
                0x0000000000000077       0x2d ./Core/Src/fsm_automatic.o
 .ARM.attributes
                0x00000000000000a4       0x2d ./Core/Src/fsm_manual.o
 .ARM.attributes
                0x00000000000000d1       0x2d ./Core/Src/fsm_ped.o
 .ARM.attributes
                0x00000000000000fe       0x33 ./Core/Src/global.o
 .ARM.attributes
                0x0000000000000131       0x2d ./Core/Src/main.o
 .ARM.attributes
                0x000000000000015e       0x2d ./Core/Src/software_timer.o
 .ARM.attributes
                0x000000000000018b       0x2d ./Core/Src/stm32f1xx_hal_msp.o
 .ARM.attributes
                0x00000000000001b8       0x2d ./Core/Src/stm32f1xx_it.o
 .ARM.attributes
                0x00000000000001e5       0x2d ./Core/Src/sysmem.o
 .ARM.attributes
                0x0000000000000212       0x2d ./Core/Src/system_stm32f1xx.o
 .ARM.attributes
                0x000000000000023f       0x2d ./Core/Src/traffic_light.o
 .ARM.attributes
                0x000000000000026c       0x2d ./Core/Src/uart_timer.o
 .ARM.attributes
                0x0000000000000299       0x21 ./Core/Startup/startup_stm32f103rbtx.o
 .ARM.attributes
                0x00000000000002ba       0x2d ./Drivers/STM32F1xx_HAL_Driver/Src/stm32f1xx_hal.o
 .ARM.attributes
                0x00000000000002e7       0x2d ./Drivers/STM32F1xx_HAL_Driver/Src/stm32f1xx_hal_cortex.o
 .ARM.attributes
                0x0000000000000314       0x2d ./Drivers/STM32F1xx_HAL_Driver/Src/stm32f1xx_hal_dma.o
 .ARM.attributes
                0x0000000000000341       0x2d ./Drivers/STM32F1xx_HAL_Driver/Src/stm32f1xx_hal_gpio.o
 .ARM.attributes
                0x000000000000036e       0x2d ./Drivers/STM32F1xx_HAL_Driver/Src/stm32f1xx_hal_rcc.o
 .ARM.attributes
                0x000000000000039b       0x2d ./Drivers/STM32F1xx_HAL_Driver/Src/stm32f1xx_hal_tim.o
 .ARM.attributes
                0x00000000000003c8       0x2d ./Drivers/STM32F1xx_HAL_Driver/Src/stm32f1xx_hal_tim_ex.o
 .ARM.attributes
                0x00000000000003f5       0x2d ./Drivers/STM32F1xx_HAL_Driver/Src/stm32f1xx_hal_uart.o
 .ARM.attributes
                0x0000000000000422       0x2d c:/st/stm32cubeide_1.7.0/stm32cubeide/plugins/com.st.stm32cube.ide.mcu.externaltools.gnu-tools-for-stm32.9-2020-q2-update.win32_2.0.0.202105311346/tools/bin/../lib/gcc/arm-none-eabi/9.3.1/../../../../arm-none-eabi/lib/thumb/v7-m/nofp\libc_nano.a(lib_a-errno.o)
 .ARM.attributes
                0x000000000000044f       0x2d c:/st/stm32cubeide_1.7.0/stm32cubeide/plugins/com.st.stm32cube.ide.mcu.externaltools.gnu-tools-for-stm32.9-2020-q2-update.win32_2.0.0.202105311346/tools/bin/../lib/gcc/arm-none-eabi/9.3.1/../../../../arm-none-eabi/lib/thumb/v7-m/nofp\libc_nano.a(lib_a-impure.o)
 .ARM.attributes
                0x000000000000047c       0x2d c:/st/stm32cubeide_1.7.0/stm32cubeide/plugins/com.st.stm32cube.ide.mcu.externaltools.gnu-tools-for-stm32.9-2020-q2-update.win32_2.0.0.202105311346/tools/bin/../lib/gcc/arm-none-eabi/9.3.1/../../../../arm-none-eabi/lib/thumb/v7-m/nofp\libc_nano.a(lib_a-init.o)
 .ARM.attributes
                0x00000000000004a9       0x2d c:/st/stm32cubeide_1.7.0/stm32cubeide/plugins/com.st.stm32cube.ide.mcu.externaltools.gnu-tools-for-stm32.9-2020-q2-update.win32_2.0.0.202105311346/tools/bin/../lib/gcc/arm-none-eabi/9.3.1/../../../../arm-none-eabi/lib/thumb/v7-m/nofp\libc_nano.a(lib_a-memset.o)
 .ARM.attributes
                0x00000000000004d6       0x2d c:/st/stm32cubeide_1.7.0/stm32cubeide/plugins/com.st.stm32cube.ide.mcu.externaltools.gnu-tools-for-stm32.9-2020-q2-update.win32_2.0.0.202105311346/tools/bin/../lib/gcc/arm-none-eabi/9.3.1/../../../../arm-none-eabi/lib/thumb/v7-m/nofp\libc_nano.a(lib_a-sprintf.o)
 .ARM.attributes
                0x0000000000000503       0x2d c:/st/stm32cubeide_1.7.0/stm32cubeide/plugins/com.st.stm32cube.ide.mcu.externaltools.gnu-tools-for-stm32.9-2020-q2-update.win32_2.0.0.202105311346/tools/bin/../lib/gcc/arm-none-eabi/9.3.1/../../../../arm-none-eabi/lib/thumb/v7-m/nofp\libc_nano.a(lib_a-nano-svfprintf.o)
 .ARM.attributes
                0x0000000000000530       0x2d c:/st/stm32cubeide_1.7.0/stm32cubeide/plugins/com.st.stm32cube.ide.mcu.externaltools.gnu-tools-for-stm32.9-2020-q2-update.win32_2.0.0.202105311346/tools/bin/../lib/gcc/arm-none-eabi/9.3.1/../../../../arm-none-eabi/lib/thumb/v7-m/nofp\libc_nano.a(lib_a-nano-vfprintf_i.o)
 .ARM.attributes
                0x000000000000055d       0x2d c:/st/stm32cubeide_1.7.0/stm32cubeide/plugins/com.st.stm32cube.ide.mcu.externaltools.gnu-tools-for-stm32.9-2020-q2-update.win32_2.0.0.202105311346/tools/bin/../lib/gcc/arm-none-eabi/9.3.1/../../../../arm-none-eabi/lib/thumb/v7-m/nofp\libc_nano.a(lib_a-memchr-stub.o)
 .ARM.attributes
                0x000000000000058a       0x2d c:/st/stm32cubeide_1.7.0/stm32cubeide/plugins/com.st.stm32cube.ide.mcu.externaltools.gnu-tools-for-stm32.9-2020-q2-update.win32_2.0.0.202105311346/tools/bin/../lib/gcc/arm-none-eabi/9.3.1/../../../../arm-none-eabi/lib/thumb/v7-m/nofp\libc_nano.a(lib_a-memcpy-stub.o)
 .ARM.attributes
                0x00000000000005b7       0x2d c:/st/stm32cubeide_1.7.0/stm32cubeide/plugins/com.st.stm32cube.ide.mcu.externaltools.gnu-tools-for-stm32.9-2020-q2-update.win32_2.0.0.202105311346/tools/bin/../lib/gcc/arm-none-eabi/9.3.1/../../../../arm-none-eabi/lib/thumb/v7-m/nofp\libc_nano.a(lib_a-memmove.o)
 .ARM.attributes
                0x00000000000005e4       0x2d c:/st/stm32cubeide_1.7.0/stm32cubeide/plugins/com.st.stm32cube.ide.mcu.externaltools.gnu-tools-for-stm32.9-2020-q2-update.win32_2.0.0.202105311346/tools/bin/../lib/gcc/arm-none-eabi/9.3.1/../../../../arm-none-eabi/lib/thumb/v7-m/nofp\libc_nano.a(lib_a-nano-freer.o)
 .ARM.attributes
                0x0000000000000611       0x2d c:/st/stm32cubeide_1.7.0/stm32cubeide/plugins/com.st.stm32cube.ide.mcu.externaltools.gnu-tools-for-stm32.9-2020-q2-update.win32_2.0.0.202105311346/tools/bin/../lib/gcc/arm-none-eabi/9.3.1/../../../../arm-none-eabi/lib/thumb/v7-m/nofp\libc_nano.a(lib_a-nano-mallocr.o)
 .ARM.attributes
                0x000000000000063e       0x2d c:/st/stm32cubeide_1.7.0/stm32cubeide/plugins/com.st.stm32cube.ide.mcu.externaltools.gnu-tools-for-stm32.9-2020-q2-update.win32_2.0.0.202105311346/tools/bin/../lib/gcc/arm-none-eabi/9.3.1/../../../../arm-none-eabi/lib/thumb/v7-m/nofp\libc_nano.a(lib_a-nano-reallocr.o)
 .ARM.attributes
                0x000000000000066b       0x2d c:/st/stm32cubeide_1.7.0/stm32cubeide/plugins/com.st.stm32cube.ide.mcu.externaltools.gnu-tools-for-stm32.9-2020-q2-update.win32_2.0.0.202105311346/tools/bin/../lib/gcc/arm-none-eabi/9.3.1/../../../../arm-none-eabi/lib/thumb/v7-m/nofp\libc_nano.a(lib_a-sbrkr.o)
 .ARM.attributes
                0x0000000000000698       0x2d c:/st/stm32cubeide_1.7.0/stm32cubeide/plugins/com.st.stm32cube.ide.mcu.externaltools.gnu-tools-for-stm32.9-2020-q2-update.win32_2.0.0.202105311346/tools/bin/../lib/gcc/arm-none-eabi/9.3.1/../../../../arm-none-eabi/lib/thumb/v7-m/nofp\libc_nano.a(lib_a-mlock.o)
 .ARM.attributes
                0x00000000000006c5       0x2d c:/st/stm32cubeide_1.7.0/stm32cubeide/plugins/com.st.stm32cube.ide.mcu.externaltools.gnu-tools-for-stm32.9-2020-q2-update.win32_2.0.0.202105311346/tools/bin/../lib/gcc/arm-none-eabi/9.3.1/../../../../arm-none-eabi/lib/thumb/v7-m/nofp\libc_nano.a(lib_a-nano-msizer.o)
 .ARM.attributes
                0x00000000000006f2       0x2d c:/st/stm32cubeide_1.7.0/stm32cubeide/plugins/com.st.stm32cube.ide.mcu.externaltools.gnu-tools-for-stm32.9-2020-q2-update.win32_2.0.0.202105311346/tools/bin/../lib/gcc/arm-none-eabi/9.3.1/../../../../arm-none-eabi/lib/thumb/v7-m/nofp\libc_nano.a(lib_a-reent.o)
 .ARM.attributes
                0x000000000000071f       0x2d c:/st/stm32cubeide_1.7.0/stm32cubeide/plugins/com.st.stm32cube.ide.mcu.externaltools.gnu-tools-for-stm32.9-2020-q2-update.win32_2.0.0.202105311346/tools/bin/../lib/gcc/arm-none-eabi/9.3.1/../../../../arm-none-eabi/lib/thumb/v7-m/nofp\libc_nano.a(lib_a-lock.o)
 .ARM.attributes
                0x000000000000074c       0x1d c:/st/stm32cubeide_1.7.0/stm32cubeide/plugins/com.st.stm32cube.ide.mcu.externaltools.gnu-tools-for-stm32.9-2020-q2-update.win32_2.0.0.202105311346/tools/bin/../lib/gcc/arm-none-eabi/9.3.1/thumb/v7-m/nofp/crtn.o
OUTPUT(trafficLight.elf elf32-littlearm)
LOAD linker stubs
LOAD c:/st/stm32cubeide_1.7.0/stm32cubeide/plugins/com.st.stm32cube.ide.mcu.externaltools.gnu-tools-for-stm32.9-2020-q2-update.win32_2.0.0.202105311346/tools/bin/../lib/gcc/arm-none-eabi/9.3.1/../../../../arm-none-eabi/lib/thumb/v7-m/nofp\libc.a
LOAD c:/st/stm32cubeide_1.7.0/stm32cubeide/plugins/com.st.stm32cube.ide.mcu.externaltools.gnu-tools-for-stm32.9-2020-q2-update.win32_2.0.0.202105311346/tools/bin/../lib/gcc/arm-none-eabi/9.3.1/../../../../arm-none-eabi/lib/thumb/v7-m/nofp\libm.a
LOAD c:/st/stm32cubeide_1.7.0/stm32cubeide/plugins/com.st.stm32cube.ide.mcu.externaltools.gnu-tools-for-stm32.9-2020-q2-update.win32_2.0.0.202105311346/tools/bin/../lib/gcc/arm-none-eabi/9.3.1/thumb/v7-m/nofp\libgcc.a

.debug_info     0x0000000000000000    0x14d6a
 .debug_info    0x0000000000000000     0x1124 ./Core/Src/button.o
 .debug_info    0x0000000000001124     0x1004 ./Core/Src/fsm_automatic.o
 .debug_info    0x0000000000002128     0x104c ./Core/Src/fsm_manual.o
 .debug_info    0x0000000000003174      0xf9b ./Core/Src/fsm_ped.o
 .debug_info    0x000000000000410f      0xfc1 ./Core/Src/global.o
 .debug_info    0x00000000000050d0     0x17b2 ./Core/Src/main.o
 .debug_info    0x0000000000006882       0xbf ./Core/Src/software_timer.o
 .debug_info    0x0000000000006941      0xdf6 ./Core/Src/stm32f1xx_hal_msp.o
 .debug_info    0x0000000000007737      0xa4b ./Core/Src/stm32f1xx_it.o
 .debug_info    0x0000000000008182      0xa25 ./Core/Src/sysmem.o
 .debug_info    0x0000000000008ba7      0x2be ./Core/Src/system_stm32f1xx.o
 .debug_info    0x0000000000008e65     0x10ac ./Core/Src/traffic_light.o
 .debug_info    0x0000000000009f11      0xfba ./Core/Src/uart_timer.o
 .debug_info    0x000000000000aecb       0x22 ./Core/Startup/startup_stm32f103rbtx.o
 .debug_info    0x000000000000aeed      0x76a ./Drivers/STM32F1xx_HAL_Driver/Src/stm32f1xx_hal.o
 .debug_info    0x000000000000b657      0xbdc ./Drivers/STM32F1xx_HAL_Driver/Src/stm32f1xx_hal_cortex.o
 .debug_info    0x000000000000c233      0x823 ./Drivers/STM32F1xx_HAL_Driver/Src/stm32f1xx_hal_dma.o
 .debug_info    0x000000000000ca56      0x701 ./Drivers/STM32F1xx_HAL_Driver/Src/stm32f1xx_hal_gpio.o
 .debug_info    0x000000000000d157      0x893 ./Drivers/STM32F1xx_HAL_Driver/Src/stm32f1xx_hal_rcc.o
 .debug_info    0x000000000000d9ea     0x2c12 ./Drivers/STM32F1xx_HAL_Driver/Src/stm32f1xx_hal_tim.o
 .debug_info    0x00000000000105fc     0x157f ./Drivers/STM32F1xx_HAL_Driver/Src/stm32f1xx_hal_tim_ex.o
 .debug_info    0x0000000000011b7b     0x31ef ./Drivers/STM32F1xx_HAL_Driver/Src/stm32f1xx_hal_uart.o

.debug_abbrev   0x0000000000000000     0x2c83
 .debug_abbrev  0x0000000000000000      0x237 ./Core/Src/button.o
 .debug_abbrev  0x0000000000000237      0x251 ./Core/Src/fsm_automatic.o
 .debug_abbrev  0x0000000000000488      0x25e ./Core/Src/fsm_manual.o
 .debug_abbrev  0x00000000000006e6      0x215 ./Core/Src/fsm_ped.o
 .debug_abbrev  0x00000000000008fb      0x1dd ./Core/Src/global.o
 .debug_abbrev  0x0000000000000ad8      0x335 ./Core/Src/main.o
 .debug_abbrev  0x0000000000000e0d       0xa4 ./Core/Src/software_timer.o
 .debug_abbrev  0x0000000000000eb1      0x1c8 ./Core/Src/stm32f1xx_hal_msp.o
 .debug_abbrev  0x0000000000001079      0x176 ./Core/Src/stm32f1xx_it.o
 .debug_abbrev  0x00000000000011ef      0x1bf ./Core/Src/sysmem.o
 .debug_abbrev  0x00000000000013ae      0x14e ./Core/Src/system_stm32f1xx.o
 .debug_abbrev  0x00000000000014fc      0x222 ./Core/Src/traffic_light.o
 .debug_abbrev  0x000000000000171e      0x221 ./Core/Src/uart_timer.o
 .debug_abbrev  0x000000000000193f       0x12 ./Core/Startup/startup_stm32f103rbtx.o
 .debug_abbrev  0x0000000000001951      0x1ed ./Drivers/STM32F1xx_HAL_Driver/Src/stm32f1xx_hal.o
 .debug_abbrev  0x0000000000001b3e      0x313 ./Drivers/STM32F1xx_HAL_Driver/Src/stm32f1xx_hal_cortex.o
 .debug_abbrev  0x0000000000001e51      0x228 ./Drivers/STM32F1xx_HAL_Driver/Src/stm32f1xx_hal_dma.o
 .debug_abbrev  0x0000000000002079      0x1e8 ./Drivers/STM32F1xx_HAL_Driver/Src/stm32f1xx_hal_gpio.o
 .debug_abbrev  0x0000000000002261      0x273 ./Drivers/STM32F1xx_HAL_Driver/Src/stm32f1xx_hal_rcc.o
 .debug_abbrev  0x00000000000024d4      0x25e ./Drivers/STM32F1xx_HAL_Driver/Src/stm32f1xx_hal_tim.o
 .debug_abbrev  0x0000000000002732      0x266 ./Drivers/STM32F1xx_HAL_Driver/Src/stm32f1xx_hal_tim_ex.o
 .debug_abbrev  0x0000000000002998      0x2eb ./Drivers/STM32F1xx_HAL_Driver/Src/stm32f1xx_hal_uart.o

.debug_aranges  0x0000000000000000      0xd58
 .debug_aranges
                0x0000000000000000       0x30 ./Core/Src/button.o
 .debug_aranges
                0x0000000000000030       0x30 ./Core/Src/fsm_automatic.o
 .debug_aranges
                0x0000000000000060       0x40 ./Core/Src/fsm_manual.o
 .debug_aranges
                0x00000000000000a0       0x28 ./Core/Src/fsm_ped.o
 .debug_aranges
                0x00000000000000c8       0x18 ./Core/Src/global.o
 .debug_aranges
                0x00000000000000e0       0x60 ./Core/Src/main.o
 .debug_aranges
                0x0000000000000140       0x28 ./Core/Src/software_timer.o
 .debug_aranges
                0x0000000000000168       0x40 ./Core/Src/stm32f1xx_hal_msp.o
 .debug_aranges
                0x00000000000001a8       0x70 ./Core/Src/stm32f1xx_it.o
 .debug_aranges
                0x0000000000000218       0x20 ./Core/Src/sysmem.o
 .debug_aranges
                0x0000000000000238       0x28 ./Core/Src/system_stm32f1xx.o
 .debug_aranges
                0x0000000000000260       0x28 ./Core/Src/traffic_light.o
 .debug_aranges
                0x0000000000000288       0x20 ./Core/Src/uart_timer.o
 .debug_aranges
                0x00000000000002a8       0x28 ./Core/Startup/startup_stm32f103rbtx.o
 .debug_aranges
                0x00000000000002d0       0xe0 ./Drivers/STM32F1xx_HAL_Driver/Src/stm32f1xx_hal.o
 .debug_aranges
                0x00000000000003b0      0x100 ./Drivers/STM32F1xx_HAL_Driver/Src/stm32f1xx_hal_cortex.o
 .debug_aranges
                0x00000000000004b0       0x80 ./Drivers/STM32F1xx_HAL_Driver/Src/stm32f1xx_hal_dma.o
 .debug_aranges
                0x0000000000000530       0x58 ./Drivers/STM32F1xx_HAL_Driver/Src/stm32f1xx_hal_gpio.o
 .debug_aranges
                0x0000000000000588       0x90 ./Drivers/STM32F1xx_HAL_Driver/Src/stm32f1xx_hal_rcc.o
 .debug_aranges
                0x0000000000000618      0x3d0 ./Drivers/STM32F1xx_HAL_Driver/Src/stm32f1xx_hal_tim.o
 .debug_aranges
                0x00000000000009e8      0x168 ./Drivers/STM32F1xx_HAL_Driver/Src/stm32f1xx_hal_tim_ex.o
 .debug_aranges
                0x0000000000000b50      0x208 ./Drivers/STM32F1xx_HAL_Driver/Src/stm32f1xx_hal_uart.o

.debug_ranges   0x0000000000000000      0xc28
 .debug_ranges  0x0000000000000000       0x20 ./Core/Src/button.o
 .debug_ranges  0x0000000000000020       0x20 ./Core/Src/fsm_automatic.o
 .debug_ranges  0x0000000000000040       0x30 ./Core/Src/fsm_manual.o
 .debug_ranges  0x0000000000000070       0x18 ./Core/Src/fsm_ped.o
 .debug_ranges  0x0000000000000088       0x50 ./Core/Src/main.o
 .debug_ranges  0x00000000000000d8       0x18 ./Core/Src/software_timer.o
 .debug_ranges  0x00000000000000f0       0x30 ./Core/Src/stm32f1xx_hal_msp.o
 .debug_ranges  0x0000000000000120       0x60 ./Core/Src/stm32f1xx_it.o
 .debug_ranges  0x0000000000000180       0x10 ./Core/Src/sysmem.o
 .debug_ranges  0x0000000000000190       0x18 ./Core/Src/system_stm32f1xx.o
 .debug_ranges  0x00000000000001a8       0x18 ./Core/Src/traffic_light.o
 .debug_ranges  0x00000000000001c0       0x10 ./Core/Src/uart_timer.o
 .debug_ranges  0x00000000000001d0       0x20 ./Core/Startup/startup_stm32f103rbtx.o
 .debug_ranges  0x00000000000001f0       0xd0 ./Drivers/STM32F1xx_HAL_Driver/Src/stm32f1xx_hal.o
 .debug_ranges  0x00000000000002c0       0xf0 ./Drivers/STM32F1xx_HAL_Driver/Src/stm32f1xx_hal_cortex.o
 .debug_ranges  0x00000000000003b0       0x70 ./Drivers/STM32F1xx_HAL_Driver/Src/stm32f1xx_hal_dma.o
 .debug_ranges  0x0000000000000420       0x48 ./Drivers/STM32F1xx_HAL_Driver/Src/stm32f1xx_hal_gpio.o
 .debug_ranges  0x0000000000000468       0x80 ./Drivers/STM32F1xx_HAL_Driver/Src/stm32f1xx_hal_rcc.o
 .debug_ranges  0x00000000000004e8      0x3c0 ./Drivers/STM32F1xx_HAL_Driver/Src/stm32f1xx_hal_tim.o
 .debug_ranges  0x00000000000008a8      0x158 ./Drivers/STM32F1xx_HAL_Driver/Src/stm32f1xx_hal_tim_ex.o
 .debug_ranges  0x0000000000000a00      0x228 ./Drivers/STM32F1xx_HAL_Driver/Src/stm32f1xx_hal_uart.o

.debug_macro    0x0000000000000000    0x196a9
 .debug_macro   0x0000000000000000      0x3ad ./Core/Src/button.o
 .debug_macro   0x00000000000003ad      0xa9c ./Core/Src/button.o
 .debug_macro   0x0000000000000e49      0x21b ./Core/Src/button.o
 .debug_macro   0x0000000000001064       0x2e ./Core/Src/button.o
 .debug_macro   0x0000000000001092       0x22 ./Core/Src/button.o
 .debug_macro   0x00000000000010b4       0x22 ./Core/Src/button.o
 .debug_macro   0x00000000000010d6       0x8e ./Core/Src/button.o
 .debug_macro   0x0000000000001164       0x51 ./Core/Src/button.o
 .debug_macro   0x00000000000011b5      0x103 ./Core/Src/button.o
 .debug_macro   0x00000000000012b8       0x6a ./Core/Src/button.o
 .debug_macro   0x0000000000001322      0x1df ./Core/Src/button.o
 .debug_macro   0x0000000000001501       0x1c ./Core/Src/button.o
 .debug_macro   0x000000000000151d       0x22 ./Core/Src/button.o
 .debug_macro   0x000000000000153f       0xc3 ./Core/Src/button.o
 .debug_macro   0x0000000000001602      0xd23 ./Core/Src/button.o
 .debug_macro   0x0000000000002325     0xe09e ./Core/Src/button.o
 .debug_macro   0x00000000000103c3       0x6d ./Core/Src/button.o
 .debug_macro   0x0000000000010430     0x348d ./Core/Src/button.o
 .debug_macro   0x00000000000138bd      0x174 ./Core/Src/button.o
 .debug_macro   0x0000000000013a31       0x5c ./Core/Src/button.o
 .debug_macro   0x0000000000013a8d      0x5bc ./Core/Src/button.o
 .debug_macro   0x0000000000014049      0x289 ./Core/Src/button.o
 .debug_macro   0x00000000000142d2      0x1cb ./Core/Src/button.o
 .debug_macro   0x000000000001449d      0x114 ./Core/Src/button.o
 .debug_macro   0x00000000000145b1      0x1b2 ./Core/Src/button.o
 .debug_macro   0x0000000000014763       0x27 ./Core/Src/button.o
 .debug_macro   0x000000000001478a      0x136 ./Core/Src/button.o
 .debug_macro   0x00000000000148c0      0x1bc ./Core/Src/button.o
 .debug_macro   0x0000000000014a7c       0x34 ./Core/Src/button.o
 .debug_macro   0x0000000000014ab0       0x3c ./Core/Src/button.o
 .debug_macro   0x0000000000014aec       0x57 ./Core/Src/button.o
 .debug_macro   0x0000000000014b43       0x87 ./Core/Src/button.o
 .debug_macro   0x0000000000014bca      0x240 ./Core/Src/button.o
 .debug_macro   0x0000000000014e0a      0x140 ./Core/Src/button.o
 .debug_macro   0x0000000000014f4a      0x8ed ./Core/Src/button.o
 .debug_macro   0x0000000000015837      0x28e ./Core/Src/button.o
 .debug_macro   0x0000000000015ac5       0x83 ./Core/Src/button.o
 .debug_macro   0x0000000000015b48       0x88 ./Core/Src/button.o
 .debug_macro   0x0000000000015bd0       0x52 ./Core/Src/button.o
 .debug_macro   0x0000000000015c22       0x18 ./Core/Src/button.o
 .debug_macro   0x0000000000015c3a       0x3c ./Core/Src/button.o
 .debug_macro   0x0000000000015c76       0x34 ./Core/Src/button.o
 .debug_macro   0x0000000000015caa       0x16 ./Core/Src/button.o
 .debug_macro   0x0000000000015cc0       0x35 ./Core/Src/button.o
 .debug_macro   0x0000000000015cf5      0x333 ./Core/Src/button.o
 .debug_macro   0x0000000000016028       0x10 ./Core/Src/button.o
 .debug_macro   0x0000000000016038       0x16 ./Core/Src/button.o
 .debug_macro   0x000000000001604e       0x43 ./Core/Src/button.o
 .debug_macro   0x0000000000016091       0x34 ./Core/Src/button.o
 .debug_macro   0x00000000000160c5       0x10 ./Core/Src/button.o
 .debug_macro   0x00000000000160d5       0x58 ./Core/Src/button.o
 .debug_macro   0x000000000001612d       0x71 ./Core/Src/button.o
 .debug_macro   0x000000000001619e       0x1c ./Core/Src/button.o
 .debug_macro   0x00000000000161ba      0x12a ./Core/Src/button.o
 .debug_macro   0x00000000000162e4       0x10 ./Core/Src/button.o
 .debug_macro   0x00000000000162f4       0x1c ./Core/Src/button.o
 .debug_macro   0x0000000000016310       0x52 ./Core/Src/button.o
 .debug_macro   0x0000000000016362       0x22 ./Core/Src/button.o
 .debug_macro   0x0000000000016384       0x10 ./Core/Src/button.o
 .debug_macro   0x0000000000016394       0x40 ./Core/Src/button.o
 .debug_macro   0x00000000000163d4       0xd5 ./Core/Src/button.o
 .debug_macro   0x00000000000164a9       0x1c ./Core/Src/button.o
 .debug_macro   0x00000000000164c5       0x3d ./Core/Src/button.o
 .debug_macro   0x0000000000016502       0x16 ./Core/Src/button.o
 .debug_macro   0x0000000000016518      0x145 ./Core/Src/button.o
 .debug_macro   0x000000000001665d       0x16 ./Core/Src/button.o
 .debug_macro   0x0000000000016673       0x20 ./Core/Src/button.o
 .debug_macro   0x0000000000016693       0x2e ./Core/Src/button.o
 .debug_macro   0x00000000000166c1       0x10 ./Core/Src/button.o
 .debug_macro   0x00000000000166d1      0x3ad ./Core/Src/fsm_automatic.o
 .debug_macro   0x0000000000016a7e      0x3ad ./Core/Src/fsm_manual.o
 .debug_macro   0x0000000000016e2b      0x3ad ./Core/Src/fsm_ped.o
 .debug_macro   0x00000000000171d8      0x3a9 ./Core/Src/global.o
 .debug_macro   0x0000000000017581      0x3ad ./Core/Src/main.o
 .debug_macro   0x000000000001792e       0x1b ./Core/Src/software_timer.o
 .debug_macro   0x0000000000017949      0x1b2 ./Core/Src/stm32f1xx_hal_msp.o
 .debug_macro   0x0000000000017afb      0x1bc ./Core/Src/stm32f1xx_it.o
 .debug_macro   0x0000000000017cb7       0xff ./Core/Src/sysmem.o
 .debug_macro   0x0000000000017db6      0x23b ./Core/Src/sysmem.o
 .debug_macro   0x0000000000017ff1      0x1a3 ./Core/Src/system_stm32f1xx.o
 .debug_macro   0x0000000000018194      0x3ad ./Core/Src/traffic_light.o
 .debug_macro   0x0000000000018541      0x3ad ./Core/Src/uart_timer.o
 .debug_macro   0x00000000000188ee      0x1c7 ./Drivers/STM32F1xx_HAL_Driver/Src/stm32f1xx_hal.o
 .debug_macro   0x0000000000018ab5      0x1a3 ./Drivers/STM32F1xx_HAL_Driver/Src/stm32f1xx_hal_cortex.o
 .debug_macro   0x0000000000018c58      0x1a3 ./Drivers/STM32F1xx_HAL_Driver/Src/stm32f1xx_hal_dma.o
 .debug_macro   0x0000000000018dfb      0x20e ./Drivers/STM32F1xx_HAL_Driver/Src/stm32f1xx_hal_gpio.o
 .debug_macro   0x0000000000019009      0x1b5 ./Drivers/STM32F1xx_HAL_Driver/Src/stm32f1xx_hal_rcc.o
 .debug_macro   0x00000000000191be      0x1a4 ./Drivers/STM32F1xx_HAL_Driver/Src/stm32f1xx_hal_tim.o
 .debug_macro   0x0000000000019362      0x1a3 ./Drivers/STM32F1xx_HAL_Driver/Src/stm32f1xx_hal_tim_ex.o
 .debug_macro   0x0000000000019505      0x1a4 ./Drivers/STM32F1xx_HAL_Driver/Src/stm32f1xx_hal_uart.o

.debug_line     0x0000000000000000    0x11800
 .debug_line    0x0000000000000000      0x9a6 ./Core/Src/button.o
 .debug_line    0x00000000000009a6      0x9da ./Core/Src/fsm_automatic.o
 .debug_line    0x0000000000001380      0xaca ./Core/Src/fsm_manual.o
 .debug_line    0x0000000000001e4a      0x988 ./Core/Src/fsm_ped.o
 .debug_line    0x00000000000027d2      0x8f7 ./Core/Src/global.o
 .debug_line    0x00000000000030c9      0xaeb ./Core/Src/main.o
 .debug_line    0x0000000000003bb4       0xd1 ./Core/Src/software_timer.o
 .debug_line    0x0000000000003c85      0x70f ./Core/Src/stm32f1xx_hal_msp.o
 .debug_line    0x0000000000004394      0x76f ./Core/Src/stm32f1xx_it.o
 .debug_line    0x0000000000004b03      0x4f8 ./Core/Src/sysmem.o
 .debug_line    0x0000000000004ffb      0x6fb ./Core/Src/system_stm32f1xx.o
 .debug_line    0x00000000000056f6      0xa0d ./Core/Src/traffic_light.o
 .debug_line    0x0000000000006103      0x94b ./Core/Src/uart_timer.o
 .debug_line    0x0000000000006a4e       0x86 ./Core/Startup/startup_stm32f103rbtx.o
 .debug_line    0x0000000000006ad4      0x928 ./Drivers/STM32F1xx_HAL_Driver/Src/stm32f1xx_hal.o
 .debug_line    0x00000000000073fc      0xb10 ./Drivers/STM32F1xx_HAL_Driver/Src/stm32f1xx_hal_cortex.o
 .debug_line    0x0000000000007f0c      0xd81 ./Drivers/STM32F1xx_HAL_Driver/Src/stm32f1xx_hal_dma.o
 .debug_line    0x0000000000008c8d      0x9c1 ./Drivers/STM32F1xx_HAL_Driver/Src/stm32f1xx_hal_gpio.o
 .debug_line    0x000000000000964e      0xd34 ./Drivers/STM32F1xx_HAL_Driver/Src/stm32f1xx_hal_rcc.o
 .debug_line    0x000000000000a382     0x33a7 ./Drivers/STM32F1xx_HAL_Driver/Src/stm32f1xx_hal_tim.o
 .debug_line    0x000000000000d729     0x187e ./Drivers/STM32F1xx_HAL_Driver/Src/stm32f1xx_hal_tim_ex.o
 .debug_line    0x000000000000efa7     0x2859 ./Drivers/STM32F1xx_HAL_Driver/Src/stm32f1xx_hal_uart.o

.debug_str      0x0000000000000000    0x8b28e
 .debug_str     0x0000000000000000    0x87b5a ./Core/Src/button.o
                                      0x87fae (size before relaxing)
 .debug_str     0x0000000000087b5a       0x69 ./Core/Src/fsm_automatic.o
                                      0x87f4a (size before relaxing)
 .debug_str     0x0000000000087bc3       0x7a ./Core/Src/fsm_manual.o
                                      0x87f60 (size before relaxing)
 .debug_str     0x0000000000087c3d       0x2d ./Core/Src/fsm_ped.o
                                      0x87f13 (size before relaxing)
 .debug_str     0x0000000000087c6a       0x15 ./Core/Src/global.o
                                      0x87ef6 (size before relaxing)
 .debug_str     0x0000000000087c7f      0x587 ./Core/Src/main.o
                                      0x88524 (size before relaxing)
 .debug_str     0x0000000000088206       0x34 ./Core/Src/software_timer.o
                                       0x2def (size before relaxing)
 .debug_str     0x000000000008823a      0x31e ./Core/Src/stm32f1xx_hal_msp.o
                                      0x84305 (size before relaxing)
 .debug_str     0x0000000000088558       0xdf ./Core/Src/stm32f1xx_it.o
                                      0x83fd9 (size before relaxing)
 .debug_str     0x0000000000088637      0x4e9 ./Core/Src/sysmem.o
                                       0x6274 (size before relaxing)
 .debug_str     0x0000000000088b20       0x52 ./Core/Src/system_stm32f1xx.o
                                      0x836cc (size before relaxing)
 .debug_str     0x0000000000088b72       0x4b ./Core/Src/traffic_light.o
                                      0x87f4e (size before relaxing)
 .debug_str     0x0000000000088bbd       0x25 ./Core/Src/uart_timer.o
                                      0x87f0b (size before relaxing)
 .debug_str     0x0000000000088be2       0x36 ./Core/Startup/startup_stm32f103rbtx.o
                                         0x88 (size before relaxing)
 .debug_str     0x0000000000088c18      0x304 ./Drivers/STM32F1xx_HAL_Driver/Src/stm32f1xx_hal.o
                                      0x83d5d (size before relaxing)
 .debug_str     0x0000000000088f1c      0x300 ./Drivers/STM32F1xx_HAL_Driver/Src/stm32f1xx_hal_cortex.o
                                      0x83d65 (size before relaxing)
 .debug_str     0x000000000008921c      0x235 ./Drivers/STM32F1xx_HAL_Driver/Src/stm32f1xx_hal_dma.o
                                      0x83aa7 (size before relaxing)
 .debug_str     0x0000000000089451      0x31f ./Drivers/STM32F1xx_HAL_Driver/Src/stm32f1xx_hal_gpio.o
                                      0x83a90 (size before relaxing)
 .debug_str     0x0000000000089770      0x24f ./Drivers/STM32F1xx_HAL_Driver/Src/stm32f1xx_hal_rcc.o
                                      0x83ac9 (size before relaxing)
 .debug_str     0x00000000000899bf      0xdc3 ./Drivers/STM32F1xx_HAL_Driver/Src/stm32f1xx_hal_tim.o
                                      0x84aa2 (size before relaxing)
 .debug_str     0x000000000008a782      0x4ee ./Drivers/STM32F1xx_HAL_Driver/Src/stm32f1xx_hal_tim_ex.o
                                      0x84253 (size before relaxing)
 .debug_str     0x000000000008ac70      0x61e ./Drivers/STM32F1xx_HAL_Driver/Src/stm32f1xx_hal_uart.o
                                      0x84121 (size before relaxing)

.comment        0x0000000000000000       0x53
 .comment       0x0000000000000000       0x53 ./Core/Src/button.o
                                         0x54 (size before relaxing)
 .comment       0x0000000000000053       0x54 ./Core/Src/fsm_automatic.o
 .comment       0x0000000000000053       0x54 ./Core/Src/fsm_manual.o
 .comment       0x0000000000000053       0x54 ./Core/Src/fsm_ped.o
 .comment       0x0000000000000053       0x54 ./Core/Src/global.o
 .comment       0x0000000000000053       0x54 ./Core/Src/main.o
 .comment       0x0000000000000053       0x54 ./Core/Src/software_timer.o
 .comment       0x0000000000000053       0x54 ./Core/Src/stm32f1xx_hal_msp.o
 .comment       0x0000000000000053       0x54 ./Core/Src/stm32f1xx_it.o
 .comment       0x0000000000000053       0x54 ./Core/Src/sysmem.o
 .comment       0x0000000000000053       0x54 ./Core/Src/system_stm32f1xx.o
 .comment       0x0000000000000053       0x54 ./Core/Src/traffic_light.o
 .comment       0x0000000000000053       0x54 ./Core/Src/uart_timer.o
 .comment       0x0000000000000053       0x54 ./Drivers/STM32F1xx_HAL_Driver/Src/stm32f1xx_hal.o
 .comment       0x0000000000000053       0x54 ./Drivers/STM32F1xx_HAL_Driver/Src/stm32f1xx_hal_cortex.o
 .comment       0x0000000000000053       0x54 ./Drivers/STM32F1xx_HAL_Driver/Src/stm32f1xx_hal_dma.o
 .comment       0x0000000000000053       0x54 ./Drivers/STM32F1xx_HAL_Driver/Src/stm32f1xx_hal_gpio.o
 .comment       0x0000000000000053       0x54 ./Drivers/STM32F1xx_HAL_Driver/Src/stm32f1xx_hal_rcc.o
 .comment       0x0000000000000053       0x54 ./Drivers/STM32F1xx_HAL_Driver/Src/stm32f1xx_hal_tim.o
 .comment       0x0000000000000053       0x54 ./Drivers/STM32F1xx_HAL_Driver/Src/stm32f1xx_hal_tim_ex.o
 .comment       0x0000000000000053       0x54 ./Drivers/STM32F1xx_HAL_Driver/Src/stm32f1xx_hal_uart.o

.debug_frame    0x0000000000000000     0x392c
 .debug_frame   0x0000000000000000       0x84 ./Core/Src/button.o
 .debug_frame   0x0000000000000084       0x80 ./Core/Src/fsm_automatic.o
 .debug_frame   0x0000000000000104       0xc0 ./Core/Src/fsm_manual.o
 .debug_frame   0x00000000000001c4       0x50 ./Core/Src/fsm_ped.o
 .debug_frame   0x0000000000000214      0x138 ./Core/Src/main.o
 .debug_frame   0x000000000000034c       0x58 ./Core/Src/software_timer.o
 .debug_frame   0x00000000000003a4       0xc8 ./Core/Src/stm32f1xx_hal_msp.o
 .debug_frame   0x000000000000046c      0x13c ./Core/Src/stm32f1xx_it.o
 .debug_frame   0x00000000000005a8       0x34 ./Core/Src/sysmem.o
 .debug_frame   0x00000000000005dc       0x58 ./Core/Src/system_stm32f1xx.o
 .debug_frame   0x0000000000000634       0x58 ./Core/Src/traffic_light.o
 .debug_frame   0x000000000000068c       0x34 ./Core/Src/uart_timer.o
 .debug_frame   0x00000000000006c0      0x334 ./Drivers/STM32F1xx_HAL_Driver/Src/stm32f1xx_hal.o
 .debug_frame   0x00000000000009f4      0x428 ./Drivers/STM32F1xx_HAL_Driver/Src/stm32f1xx_hal_cortex.o
 .debug_frame   0x0000000000000e1c      0x208 ./Drivers/STM32F1xx_HAL_Driver/Src/stm32f1xx_hal_dma.o
 .debug_frame   0x0000000000001024      0x14c ./Drivers/STM32F1xx_HAL_Driver/Src/stm32f1xx_hal_gpio.o
 .debug_frame   0x0000000000001170      0x218 ./Drivers/STM32F1xx_HAL_Driver/Src/stm32f1xx_hal_rcc.o
 .debug_frame   0x0000000000001388     0x11bc ./Drivers/STM32F1xx_HAL_Driver/Src/stm32f1xx_hal_tim.o
 .debug_frame   0x0000000000002544      0x638 ./Drivers/STM32F1xx_HAL_Driver/Src/stm32f1xx_hal_tim_ex.o
 .debug_frame   0x0000000000002b7c      0x944 ./Drivers/STM32F1xx_HAL_Driver/Src/stm32f1xx_hal_uart.o
 .debug_frame   0x00000000000034c0       0x20 c:/st/stm32cubeide_1.7.0/stm32cubeide/plugins/com.st.stm32cube.ide.mcu.externaltools.gnu-tools-for-stm32.9-2020-q2-update.win32_2.0.0.202105311346/tools/bin/../lib/gcc/arm-none-eabi/9.3.1/../../../../arm-none-eabi/lib/thumb/v7-m/nofp\libc_nano.a(lib_a-errno.o)
 .debug_frame   0x00000000000034e0       0x2c c:/st/stm32cubeide_1.7.0/stm32cubeide/plugins/com.st.stm32cube.ide.mcu.externaltools.gnu-tools-for-stm32.9-2020-q2-update.win32_2.0.0.202105311346/tools/bin/../lib/gcc/arm-none-eabi/9.3.1/../../../../arm-none-eabi/lib/thumb/v7-m/nofp\libc_nano.a(lib_a-init.o)
 .debug_frame   0x000000000000350c       0x20 c:/st/stm32cubeide_1.7.0/stm32cubeide/plugins/com.st.stm32cube.ide.mcu.externaltools.gnu-tools-for-stm32.9-2020-q2-update.win32_2.0.0.202105311346/tools/bin/../lib/gcc/arm-none-eabi/9.3.1/../../../../arm-none-eabi/lib/thumb/v7-m/nofp\libc_nano.a(lib_a-memset.o)
 .debug_frame   0x000000000000352c       0x6c c:/st/stm32cubeide_1.7.0/stm32cubeide/plugins/com.st.stm32cube.ide.mcu.externaltools.gnu-tools-for-stm32.9-2020-q2-update.win32_2.0.0.202105311346/tools/bin/../lib/gcc/arm-none-eabi/9.3.1/../../../../arm-none-eabi/lib/thumb/v7-m/nofp\libc_nano.a(lib_a-sprintf.o)
 .debug_frame   0x0000000000003598       0x90 c:/st/stm32cubeide_1.7.0/stm32cubeide/plugins/com.st.stm32cube.ide.mcu.externaltools.gnu-tools-for-stm32.9-2020-q2-update.win32_2.0.0.202105311346/tools/bin/../lib/gcc/arm-none-eabi/9.3.1/../../../../arm-none-eabi/lib/thumb/v7-m/nofp\libc_nano.a(lib_a-nano-svfprintf.o)
 .debug_frame   0x0000000000003628       0x60 c:/st/stm32cubeide_1.7.0/stm32cubeide/plugins/com.st.stm32cube.ide.mcu.externaltools.gnu-tools-for-stm32.9-2020-q2-update.win32_2.0.0.202105311346/tools/bin/../lib/gcc/arm-none-eabi/9.3.1/../../../../arm-none-eabi/lib/thumb/v7-m/nofp\libc_nano.a(lib_a-nano-vfprintf_i.o)
 .debug_frame   0x0000000000003688       0x28 c:/st/stm32cubeide_1.7.0/stm32cubeide/plugins/com.st.stm32cube.ide.mcu.externaltools.gnu-tools-for-stm32.9-2020-q2-update.win32_2.0.0.202105311346/tools/bin/../lib/gcc/arm-none-eabi/9.3.1/../../../../arm-none-eabi/lib/thumb/v7-m/nofp\libc_nano.a(lib_a-memchr-stub.o)
 .debug_frame   0x00000000000036b0       0x28 c:/st/stm32cubeide_1.7.0/stm32cubeide/plugins/com.st.stm32cube.ide.mcu.externaltools.gnu-tools-for-stm32.9-2020-q2-update.win32_2.0.0.202105311346/tools/bin/../lib/gcc/arm-none-eabi/9.3.1/../../../../arm-none-eabi/lib/thumb/v7-m/nofp\libc_nano.a(lib_a-memcpy-stub.o)
 .debug_frame   0x00000000000036d8       0x28 c:/st/stm32cubeide_1.7.0/stm32cubeide/plugins/com.st.stm32cube.ide.mcu.externaltools.gnu-tools-for-stm32.9-2020-q2-update.win32_2.0.0.202105311346/tools/bin/../lib/gcc/arm-none-eabi/9.3.1/../../../../arm-none-eabi/lib/thumb/v7-m/nofp\libc_nano.a(lib_a-memmove.o)
 .debug_frame   0x0000000000003700       0x38 c:/st/stm32cubeide_1.7.0/stm32cubeide/plugins/com.st.stm32cube.ide.mcu.externaltools.gnu-tools-for-stm32.9-2020-q2-update.win32_2.0.0.202105311346/tools/bin/../lib/gcc/arm-none-eabi/9.3.1/../../../../arm-none-eabi/lib/thumb/v7-m/nofp\libc_nano.a(lib_a-nano-freer.o)
 .debug_frame   0x0000000000003738       0x30 c:/st/stm32cubeide_1.7.0/stm32cubeide/plugins/com.st.stm32cube.ide.mcu.externaltools.gnu-tools-for-stm32.9-2020-q2-update.win32_2.0.0.202105311346/tools/bin/../lib/gcc/arm-none-eabi/9.3.1/../../../../arm-none-eabi/lib/thumb/v7-m/nofp\libc_nano.a(lib_a-nano-mallocr.o)
 .debug_frame   0x0000000000003768       0x3c c:/st/stm32cubeide_1.7.0/stm32cubeide/plugins/com.st.stm32cube.ide.mcu.externaltools.gnu-tools-for-stm32.9-2020-q2-update.win32_2.0.0.202105311346/tools/bin/../lib/gcc/arm-none-eabi/9.3.1/../../../../arm-none-eabi/lib/thumb/v7-m/nofp\libc_nano.a(lib_a-nano-reallocr.o)
 .debug_frame   0x00000000000037a4       0x2c c:/st/stm32cubeide_1.7.0/stm32cubeide/plugins/com.st.stm32cube.ide.mcu.externaltools.gnu-tools-for-stm32.9-2020-q2-update.win32_2.0.0.202105311346/tools/bin/../lib/gcc/arm-none-eabi/9.3.1/../../../../arm-none-eabi/lib/thumb/v7-m/nofp\libc_nano.a(lib_a-sbrkr.o)
 .debug_frame   0x00000000000037d0       0x30 c:/st/stm32cubeide_1.7.0/stm32cubeide/plugins/com.st.stm32cube.ide.mcu.externaltools.gnu-tools-for-stm32.9-2020-q2-update.win32_2.0.0.202105311346/tools/bin/../lib/gcc/arm-none-eabi/9.3.1/../../../../arm-none-eabi/lib/thumb/v7-m/nofp\libc_nano.a(lib_a-mlock.o)
 .debug_frame   0x0000000000003800       0x20 c:/st/stm32cubeide_1.7.0/stm32cubeide/plugins/com.st.stm32cube.ide.mcu.externaltools.gnu-tools-for-stm32.9-2020-q2-update.win32_2.0.0.202105311346/tools/bin/../lib/gcc/arm-none-eabi/9.3.1/../../../../arm-none-eabi/lib/thumb/v7-m/nofp\libc_nano.a(lib_a-nano-msizer.o)
 .debug_frame   0x0000000000003820       0x5c c:/st/stm32cubeide_1.7.0/stm32cubeide/plugins/com.st.stm32cube.ide.mcu.externaltools.gnu-tools-for-stm32.9-2020-q2-update.win32_2.0.0.202105311346/tools/bin/../lib/gcc/arm-none-eabi/9.3.1/../../../../arm-none-eabi/lib/thumb/v7-m/nofp\libc_nano.a(lib_a-reent.o)
 .debug_frame   0x000000000000387c       0xb0 c:/st/stm32cubeide_1.7.0/stm32cubeide/plugins/com.st.stm32cube.ide.mcu.externaltools.gnu-tools-for-stm32.9-2020-q2-update.win32_2.0.0.202105311346/tools/bin/../lib/gcc/arm-none-eabi/9.3.1/../../../../arm-none-eabi/lib/thumb/v7-m/nofp\libc_nano.a(lib_a-lock.o)
